....................................FF.......                            [100%]
=================================== FAILURES ===================================
___ test_flag_off_restore_and_cached_ownership_do_not_read_or_project[False] ___
tests/unit/test_rpgretire1_flag_off.py:80: in test_flag_off_restore_and_cached_ownership_do_not_read_or_project
    h.strategy._queue_resting_place(h.state, 3.10)
src/project_mai_tai/strategy_core/schwab_1m_v2.py:5566: in _queue_resting_place
    for job in jobs.values():
               ^^^^^^^^^^^^^
tests/unit/test_rpgretire1_flag_off.py:15: in unreadable
    pytest.fail("flag OFF consulted RPG journal/cache")
E   Failed: flag OFF consulted RPG journal/cache
----------------------------- Captured stdout call -----------------------------
2026-10-08 08:14:20,761 INFO [project_mai_tai.strategy_core.schwab_1m_v2] [V2-RESTING-PLACE] AMOD slot=first line=3.1000 trigger=3.1155 limit=3.1311 band_pct=0.50 offset_pct=0.50
2026-10-08 08:14:20,762 INFO [project_mai_tai.strategy_core.schwab_1m_v2] [V2-FANOUT-SLOT-BOUND] AMOD source=rth_resting_mirror slot=resting slot_id=34bfaeed-c5e2-553f-af7c-a09c936e0087 segment_id=1790961902899 bound=1 — polarity: bound=1 means the draft has a durable economic slot
2026-10-08 08:14:20,762 INFO [project_mai_tai.strategy_core.schwab_1m_v2] [V2-FANOUT-CLAIM] AMOD slot_id=34bfaeed-c5e2-553f-af7c-a09c936e0087 outcome=queued held=1 evidence=provisional reason=resting_mirror_draft_queued — positive OMS evidence must arrive before grace expiry
2026-10-08 08:14:20,762 INFO [project_mai_tai.strategy_core.schwab_1m_v2] [V2-FANOUT-SEGMENT-BOUND] AMOD source=rth_resting_mirror trigger=fanout_draft attributed=1 segment_id=1790961902899 entry_n=1 — polarity: attributed=1 means this leg can be grouped; unattributed filled legs make the duplicate grade UNEXERCISED
2026-10-08 08:14:20,762 INFO [project_mai_tai.strategy_core.schwab_1m_v2] [V2-WEBULL-RESTING-PLACE] AMOD slot=first line=3.1000 trigger=3.1155 limit=3.1311 band_pct=0.50 offset_pct=0.50 — mirrored rest sitting at Webull (BARE: no bracket, the broker refuses one on a stop-limit master)
___ test_flag_off_restore_and_cached_ownership_do_not_read_or_project[True] ____
tests/unit/test_rpgretire1_flag_off.py:80: in test_flag_off_restore_and_cached_ownership_do_not_read_or_project
    h.strategy._queue_resting_place(h.state, 3.10)
src/project_mai_tai/strategy_core/schwab_1m_v2.py:5566: in _queue_resting_place
    for job in jobs.values():
               ^^^^^^^^^^^^^
tests/unit/test_rpgretire1_flag_off.py:15: in unreadable
    pytest.fail("flag OFF consulted RPG journal/cache")
E   Failed: flag OFF consulted RPG journal/cache
----------------------------- Captured stdout call -----------------------------
2026-10-08 08:14:20,957 INFO [project_mai_tai.strategy_core.schwab_1m_v2] [V2-RESTING-PLACE] AMOD slot=first line=3.1000 trigger=3.1155 limit=3.1311 band_pct=0.50 offset_pct=0.50
2026-10-08 08:14:20,957 INFO [project_mai_tai.strategy_core.schwab_1m_v2] [V2-FANOUT-SLOT-BOUND] AMOD source=rth_resting_mirror slot=resting slot_id=34bfaeed-c5e2-553f-af7c-a09c936e0087 segment_id=1790961902899 bound=1 — polarity: bound=1 means the draft has a durable economic slot
2026-10-08 08:14:20,957 INFO [project_mai_tai.strategy_core.schwab_1m_v2] [V2-FANOUT-CLAIM] AMOD slot_id=34bfaeed-c5e2-553f-af7c-a09c936e0087 outcome=queued held=1 evidence=provisional reason=resting_mirror_draft_queued — positive OMS evidence must arrive before grace expiry
2026-10-08 08:14:20,957 INFO [project_mai_tai.strategy_core.schwab_1m_v2] [V2-FANOUT-SEGMENT-BOUND] AMOD source=rth_resting_mirror trigger=fanout_draft attributed=1 segment_id=1790961902899 entry_n=1 — polarity: attributed=1 means this leg can be grouped; unattributed filled legs make the duplicate grade UNEXERCISED
2026-10-08 08:14:20,957 INFO [project_mai_tai.strategy_core.schwab_1m_v2] [V2-WEBULL-RESTING-PLACE] AMOD slot=first line=3.1000 trigger=3.1155 limit=3.1311 band_pct=0.50 offset_pct=0.50 — mirrored rest sitting at Webull (BARE: no bracket, the broker refuses one on a stop-limit master)
=========================== short test summary info ============================
FAILED tests/unit/test_rpgretire1_flag_off.py::test_flag_off_restore_and_cached_ownership_do_not_read_or_project[False]
FAILED tests/unit/test_rpgretire1_flag_off.py::test_flag_off_restore_and_cached_ownership_do_not_read_or_project[True]
2 failed, 43 passed in 6.98s
