validate	Run unit tests	﻿2026-10-08T12:27:16.6944905Z ##[group]Run python -m pytest -p no:cacheprovider tests/unit
validate	Run unit tests	2026-10-08T12:27:16.6945710Z ^[[36;1mpython -m pytest -p no:cacheprovider tests/unit^[[0m
validate	Run unit tests	2026-10-08T12:27:16.7005463Z shell: /usr/bin/bash -e {0}
validate	Run unit tests	2026-10-08T12:27:16.7006107Z env:
validate	Run unit tests	2026-10-08T12:27:16.7006594Z   pythonLocation: /opt/hostedtoolcache/Python/3.12.14/x64
validate	Run unit tests	2026-10-08T12:27:16.7007321Z   PKG_CONFIG_PATH: /opt/hostedtoolcache/Python/3.12.14/x64/lib/pkgconfig
validate	Run unit tests	2026-10-08T12:27:16.7008401Z   Python_ROOT_DIR: /opt/hostedtoolcache/Python/3.12.14/x64
validate	Run unit tests	2026-10-08T12:27:16.7009081Z   Python2_ROOT_DIR: /opt/hostedtoolcache/Python/3.12.14/x64
validate	Run unit tests	2026-10-08T12:27:16.7009774Z   Python3_ROOT_DIR: /opt/hostedtoolcache/Python/3.12.14/x64
validate	Run unit tests	2026-10-08T12:27:16.7010459Z   LD_LIBRARY_PATH: /opt/hostedtoolcache/Python/3.12.14/x64/lib
validate	Run unit tests	2026-10-08T12:27:16.7011033Z ##[endgroup]
validate	Run unit tests	2026-10-08T12:27:36.3574991Z ============================= test session starts ==============================
validate	Run unit tests	2026-10-08T12:27:36.3575907Z platform linux -- Python 3.12.14, pytest-8.4.2, pluggy-1.6.0
validate	Run unit tests	2026-10-08T12:27:36.3576994Z rootdir: /home/runner/work/project-mai-tai/project-mai-tai
validate	Run unit tests	2026-10-08T12:27:36.3577459Z configfile: pyproject.toml
validate	Run unit tests	2026-10-08T12:27:36.3578282Z plugins: platformdirs-4.12.4, asyncio-0.26.0, anyio-4.15.1
validate	Run unit tests	2026-10-08T12:27:36.3579053Z asyncio: mode=Mode.STRICT, asyncio_default_fixture_loop_scope=None, asyncio_default_test_loop_scope=function
validate	Run unit tests	2026-10-08T12:27:36.3579594Z collected 7737 items
validate	Run unit tests	2026-10-08T12:27:36.3579749Z 
validate	Run unit tests	2026-10-08T12:27:36.3856226Z tests/unit/test_actual_resting_operator_rule.py .....................    [  0%]
validate	Run unit tests	2026-10-08T12:27:36.5104933Z tests/unit/test_alert_transition_wrappers.py ......                      [  0%]
validate	Run unit tests	2026-10-08T12:27:41.2253693Z tests/unit/test_all_on_pm.py .........................................   [  0%]
validate	Run unit tests	2026-10-08T12:27:41.3285212Z tests/unit/test_alpaca_adapter.py ..........                             [  1%]
validate	Run unit tests	2026-10-08T12:27:41.3544838Z tests/unit/test_armed_segments_check.py ................................ [  1%]
validate	Run unit tests	2026-10-08T12:27:41.3599938Z ......                                                                   [  1%]
validate	Run unit tests	2026-10-08T12:27:41.3934186Z tests/unit/test_armed_segments_cron.py ...                               [  1%]
validate	Run unit tests	2026-10-08T12:27:41.6241983Z tests/unit/test_armed_segments_schedule_install.py ...                   [  1%]
validate	Run unit tests	2026-10-08T12:27:41.6259658Z tests/unit/test_atr_oracle_landed.py ..                                  [  1%]
validate	Run unit tests	2026-10-08T12:27:41.6402285Z tests/unit/test_audit_live_locked_drift.py .......................       [  1%]
validate	Run unit tests	2026-10-08T12:27:41.6431291Z tests/unit/test_backfill_polygon_trades.py .....                         [  1%]
validate	Run unit tests	2026-10-08T12:27:42.3336701Z tests/unit/test_backtest_replay.py ..................................... [  2%]
validate	Run unit tests	2026-10-08T12:27:42.3341889Z                                                                          [  2%]
validate	Run unit tests	2026-10-08T12:27:42.3463154Z tests/unit/test_bot_handoff_restore_seed.py .                            [  2%]
validate	Run unit tests	2026-10-08T12:27:42.3496656Z tests/unit/test_bot_open_positions_fanout_legs.py ......                 [  2%]
validate	Run unit tests	2026-10-08T12:27:42.3566608Z tests/unit/test_broker_ab_report.py ..............                       [  2%]
validate	Run unit tests	2026-10-08T12:27:42.4003363Z tests/unit/test_broker_order_event_source.py .....................       [  2%]
validate	Run unit tests	2026-10-08T12:27:42.4090124Z tests/unit/test_broker_refusal.py ................                       [  3%]
validate	Run unit tests	2026-10-08T12:27:42.4114590Z tests/unit/test_catalyst_engine.py ...                                   [  3%]
validate	Run unit tests	2026-10-08T12:27:42.5137255Z tests/unit/test_clearwait1_removed_wait.py ............................. [  3%]
validate	Run unit tests	2026-10-08T12:27:43.1816805Z ..........................................................               [  4%]
validate	Run unit tests	2026-10-08T12:27:43.6928111Z tests/unit/test_coldstart1_subscriptions.py ............................ [  4%]
validate	Run unit tests	2026-10-08T12:27:44.1882405Z ...............................                                          [  5%]
validate	Run unit tests	2026-10-08T12:27:44.2000227Z tests/unit/test_collect_deploy_evidence.py ..                            [  5%]
validate	Run unit tests	2026-10-08T12:27:44.3680194Z tests/unit/test_commit_agent_marker_hook.py ......                       [  5%]
validate	Run unit tests	2026-10-08T12:27:44.3857160Z tests/unit/test_compare_tos_modified_atr.py ............                 [  5%]
validate	Run unit tests	2026-10-08T12:27:45.0395767Z tests/unit/test_confirmation_exit.py .............................       [  5%]
validate	Run unit tests	2026-10-08T12:27:47.1619744Z tests/unit/test_confirmation_exit_fanout.py ............................ [  6%]
validate	Run unit tests	2026-10-08T12:27:50.4227355Z ..........................................                               [  6%]
validate	Run unit tests	2026-10-08T12:27:53.3145546Z tests/unit/test_control_plane.py ....................................... [  7%]
validate	Run unit tests	2026-10-08T12:27:58.7754405Z ..............................................................           [  7%]
validate	Run unit tests	2026-10-08T12:27:58.7770042Z tests/unit/test_control_plane_listening_status.py ..                     [  7%]
validate	Run unit tests	2026-10-08T12:27:58.7823509Z tests/unit/test_cw_exit.py ...........                                   [  8%]
validate	Run unit tests	2026-10-08T12:28:00.1278356Z tests/unit/test_cw_target_stay_release.py .............................. [  8%]
validate	Run unit tests	2026-10-08T12:28:00.3468534Z .....                                                                    [  8%]
validate	Run unit tests	2026-10-08T12:28:00.3509285Z tests/unit/test_dashboard_snapshot_order_index.py ...                    [  8%]
validate	Run unit tests	2026-10-08T12:28:00.3817234Z tests/unit/test_decision_layer.py ...................................... [  9%]
validate	Run unit tests	2026-10-08T12:28:00.4084921Z .................................                                        [  9%]
validate	Run unit tests	2026-10-08T12:28:00.4098742Z tests/unit/test_deploy_main_fenced.py ..                                 [  9%]
validate	Run unit tests	2026-10-08T12:28:00.4899924Z tests/unit/test_deploy_oms_restart_preflight.py ......                   [  9%]
validate	Run unit tests	2026-10-08T12:28:01.2403850Z tests/unit/test_deploy_oms_strategy_authorized.py ...................... [  9%]
validate	Run unit tests	2026-10-08T12:28:01.4673360Z ...                                                                      [  9%]
validate	Run unit tests	2026-10-08T12:28:04.0397192Z tests/unit/test_deploy_preflight.py .....................                [ 10%]
validate	Run unit tests	2026-10-08T12:28:04.0457767Z tests/unit/test_dot_entry_rows.py ............                           [ 10%]
validate	Run unit tests	2026-10-08T12:28:04.2734989Z tests/unit/test_entry_gate.py .......................                    [ 10%]
validate	Run unit tests	2026-10-08T12:28:04.3128635Z tests/unit/test_env_default_drift.py ....                                [ 10%]
validate	Run unit tests	2026-10-08T12:28:04.3422257Z tests/unit/test_eod_counts.py ....................                       [ 10%]
validate	Run unit tests	2026-10-08T12:28:04.8662291Z tests/unit/test_eod_cron_adoption.py ........                            [ 11%]
validate	Run unit tests	2026-10-08T12:28:04.8781495Z tests/unit/test_exit_logic_cw.py .....                                   [ 11%]
validate	Run unit tests	2026-10-08T12:28:04.8949687Z tests/unit/test_exit_logic_parity.py ...                                 [ 11%]
validate	Run unit tests	2026-10-08T12:28:07.7795231Z tests/unit/test_exit_reservation_release.py ............................ [ 11%]
validate	Run unit tests	2026-10-08T12:28:07.7988678Z ........                                                                 [ 11%]
validate	Run unit tests	2026-10-08T12:28:07.8550331Z tests/unit/test_expected_flags_check.py ................................ [ 12%]
validate	Run unit tests	2026-10-08T12:28:07.8797680Z ........................                                                 [ 12%]
validate	Run unit tests	2026-10-08T12:28:07.8911157Z tests/unit/test_fanout_identity_acceptance.py ..................         [ 12%]
validate	Run unit tests	2026-10-08T12:28:08.2602464Z tests/unit/test_fanout_identity_increment.py ............                [ 12%]
validate	Run unit tests	2026-10-08T12:28:08.2684986Z tests/unit/test_fanout_outcome_acceptance.py ..........                  [ 12%]
validate	Run unit tests	2026-10-08T12:28:08.3702107Z tests/unit/test_fanout_outcome_acceptance_schedule.py .................. [ 13%]
validate	Run unit tests	2026-10-08T12:28:16.7290545Z ........................................................................ [ 14%]
validate	Run unit tests	2026-10-08T12:28:21.4608923Z ............................                                             [ 14%]
validate	Run unit tests	2026-10-08T12:28:21.6189469Z tests/unit/test_fanout_outcome_consumer.py .................             [ 14%]
validate	Run unit tests	2026-10-08T12:28:21.7070326Z tests/unit/test_fanout_outcome_integration.py ...                        [ 14%]
validate	Run unit tests	2026-10-08T12:28:21.7113786Z tests/unit/test_fanout_pair_identity_acceptance.py .......               [ 14%]
validate	Run unit tests	2026-10-08T12:28:21.7336221Z tests/unit/test_fanout_segment_store.py ...                              [ 14%]
validate	Run unit tests	2026-10-08T12:28:21.7356244Z tests/unit/test_feed_retention.py ...                                    [ 14%]
validate	Run unit tests	2026-10-08T12:28:21.7425564Z tests/unit/test_field_acceptance.py ............                         [ 15%]
validate	Run unit tests	2026-10-08T12:28:21.7785775Z tests/unit/test_field_acceptance_shell.py .....                          [ 15%]
validate	Run unit tests	2026-10-08T12:28:21.8148250Z tests/unit/test_fleet_health.py ........................................ [ 15%]
validate	Run unit tests	2026-10-08T12:28:21.8183928Z .......                                                                  [ 15%]
validate	Run unit tests	2026-10-08T12:28:21.8213194Z tests/unit/test_fleet_health_bar_continuity.py ......                    [ 15%]
validate	Run unit tests	2026-10-08T12:28:22.4724780Z tests/unit/test_fleet_health_cron.py ..............                      [ 15%]
validate	Run unit tests	2026-10-08T12:28:22.7619315Z tests/unit/test_gapline1.py ...............                              [ 16%]
validate	Run unit tests	2026-10-08T12:28:23.0919498Z tests/unit/test_gapline1_recorded.py ss....s.s...................s...s.. [ 16%]
validate	Run unit tests	2026-10-08T12:28:23.6037172Z ...s..ss..s.sss.....sss..ssss.........s.s.ssss....s.ss..ss.s....sss....s [ 17%]
validate	Run unit tests	2026-10-08T12:28:23.9248361Z .ss.sssssssssssssssss.......                                             [ 17%]
validate	Run unit tests	2026-10-08T12:28:23.9285529Z tests/unit/test_gate1_shape_watch.py .......                             [ 17%]
validate	Run unit tests	2026-10-08T12:28:25.5663540Z tests/unit/test_gate1_shape_watch_cron.py ......................         [ 18%]
validate	Run unit tests	2026-10-08T12:28:25.5689495Z tests/unit/test_gather_polygon_universe.py .....                         [ 18%]
validate	Run unit tests	2026-10-08T12:28:25.5791373Z tests/unit/test_handoff_log_corrections.py ...                           [ 18%]
validate	Run unit tests	2026-10-08T12:28:25.6018632Z tests/unit/test_healthlatch1.py .......                                  [ 18%]
validate	Run unit tests	2026-10-08T12:28:25.6043952Z tests/unit/test_historical_bar_seed_order.py ...                         [ 18%]
validate	Run unit tests	2026-10-08T12:28:31.7025797Z tests/unit/test_hotfix1_symbol_tick_cache.py ........................... [ 18%]
validate	Run unit tests	2026-10-08T12:30:34.2359294Z ..........                                                               [ 18%]
validate	Run unit tests	2026-10-08T12:30:34.5054168Z tests/unit/test_install_deploy_gate_tools.py .....                       [ 19%]
validate	Run unit tests	2026-10-08T12:30:34.5149919Z tests/unit/test_install_eod_counts.py ....                               [ 19%]
validate	Run unit tests	2026-10-08T12:30:34.9659485Z tests/unit/test_keeprest1.py ........................................... [ 19%]
validate	Run unit tests	2026-10-08T12:30:34.9872640Z ..                                                                       [ 19%]
validate	Run unit tests	2026-10-08T12:30:35.1012386Z tests/unit/test_keeprest1_mutations.py ........                          [ 19%]
validate	Run unit tests	2026-10-08T12:30:35.1131209Z tests/unit/test_known_defect_regression_watch.py ....................... [ 20%]
validate	Run unit tests	2026-10-08T12:30:35.2797122Z .......................................................................  [ 20%]
validate	Run unit tests	2026-10-08T12:30:35.3215456Z tests/unit/test_line_chart_restoration.py ............                   [ 21%]
validate	Run unit tests	2026-10-08T12:30:35.7296181Z tests/unit/test_line_chart_restoration_integration.py .................. [ 21%]
validate	Run unit tests	2026-10-08T12:30:37.0750541Z ..................................                                       [ 21%]
validate	Run unit tests	2026-10-08T12:30:37.4587438Z tests/unit/test_line_restore_acceptance_factory.py ............          [ 21%]
validate	Run unit tests	2026-10-08T12:30:37.4811484Z tests/unit/test_line_restore_r6_assessment.py ...                        [ 22%]
validate	Run unit tests	2026-10-08T12:30:43.8094388Z tests/unit/test_line_restore_r6_spanning.py ..................           [ 22%]
validate	Run unit tests	2026-10-08T12:30:43.8220912Z tests/unit/test_linesrc1_anchored_session_poll.py ...................... [ 22%]
validate	Run unit tests	2026-10-08T12:30:44.5035387Z ........................................................................ [ 23%]
validate	Run unit tests	2026-10-08T12:30:44.6326899Z ..............                                                           [ 23%]
validate	Run unit tests	2026-10-08T12:30:48.0682797Z tests/unit/test_linesrc1_event_driven.py ..............................  [ 24%]
validate	Run unit tests	2026-10-08T12:30:48.4095984Z tests/unit/test_linesrc1_review_regressions.py ........                  [ 24%]
validate	Run unit tests	2026-10-08T12:30:49.1281195Z tests/unit/test_live_locked_drift_cron.py .............                  [ 24%]
validate	Run unit tests	2026-10-08T12:30:49.1393449Z tests/unit/test_log_marker_collisions.py ......                          [ 24%]
validate	Run unit tests	2026-10-08T12:30:49.3043879Z tests/unit/test_log_retention_policy.py .....                            [ 24%]
validate	Run unit tests	2026-10-08T12:30:49.5622129Z tests/unit/test_low_priority_alerts.py ........                          [ 24%]
validate	Run unit tests	2026-10-08T12:30:49.6189051Z tests/unit/test_manual_stop_session_scope.py ..                          [ 24%]
validate	Run unit tests	2026-10-08T12:30:49.6429362Z tests/unit/test_marker_census.py .................................       [ 24%]
validate	Run unit tests	2026-10-08T12:30:49.6472670Z tests/unit/test_market_capture.py ......                                 [ 25%]
validate	Run unit tests	2026-10-08T12:30:57.1098372Z tests/unit/test_market_data_gateway.py ................................. [ 25%]
validate	Run unit tests	2026-10-08T12:30:57.1105381Z                                                                          [ 25%]
validate	Run unit tests	2026-10-08T12:30:57.1751599Z tests/unit/test_market_data_heartbeat_redis_reload.py ......             [ 25%]
validate	Run unit tests	2026-10-08T12:30:57.1843643Z tests/unit/test_market_halts.py ..................                       [ 25%]
validate	Run unit tests	2026-10-08T12:31:05.4428894Z tests/unit/test_mirrorhold1_retained_hold.py ........................... [ 26%]
validate	Run unit tests	2026-10-08T12:31:20.2544942Z ..........................................                               [ 26%]
validate	Run unit tests	2026-10-08T12:31:20.5885620Z tests/unit/test_momentum_gateway_handoff.py .......                      [ 26%]
validate	Run unit tests	2026-10-08T12:31:21.6513185Z tests/unit/test_momentum_gateway_throughput.py ......................... [ 27%]
validate	Run unit tests	2026-10-08T12:31:21.6530100Z ..                                                                       [ 27%]
validate	Run unit tests	2026-10-08T12:31:21.6710655Z tests/unit/test_momentum_live_rule_baseline.py ..................        [ 27%]
validate	Run unit tests	2026-10-08T12:31:22.6001648Z tests/unit/test_momentum_option_a.py ............                        [ 27%]
validate	Run unit tests	2026-10-08T12:31:22.6016839Z tests/unit/test_momentum_paper_conditions.py ..                          [ 27%]
validate	Run unit tests	2026-10-08T12:31:22.6298554Z tests/unit/test_momentum_paper_engine.py ............................... [ 27%]
validate	Run unit tests	2026-10-08T12:31:22.6427380Z ............                                                             [ 28%]
validate	Run unit tests	2026-10-08T12:31:22.9596622Z tests/unit/test_momentum_paper_service.py .............................. [ 28%]
validate	Run unit tests	2026-10-08T12:31:23.0309163Z .........                                                                [ 28%]
validate	Run unit tests	2026-10-08T12:31:23.9941800Z tests/unit/test_mompage1.py ...........                                  [ 28%]
validate	Run unit tests	2026-10-08T12:31:26.3414097Z tests/unit/test_nfq1_mirror_fresh_price.py ............................. [ 29%]
validate	Run unit tests	2026-10-08T12:31:30.8624327Z ........................................................................ [ 30%]
validate	Run unit tests	2026-10-08T12:31:31.4894884Z ........                                                                 [ 30%]
validate	Run unit tests	2026-10-08T12:31:33.9862111Z tests/unit/test_nfq2_eh_fresh_price.py ................................. [ 30%]
validate	Run unit tests	2026-10-08T12:31:34.1524170Z ...                                                                      [ 30%]
validate	Run unit tests	2026-10-08T12:32:35.0495294Z tests/unit/test_nfq2_hotfix1_combined_proof.py ..........                [ 30%]
validate	Run unit tests	2026-10-08T12:32:36.9775212Z tests/unit/test_nfq2_recovery_legacy.py ................................ [ 31%]
validate	Run unit tests	2026-10-08T12:32:39.8008134Z ......................................................                   [ 31%]
validate	Run unit tests	2026-10-08T12:32:41.0881487Z tests/unit/test_nfq2_segment_cancel.py ........................          [ 32%]
validate	Run unit tests	2026-10-08T12:32:41.3016585Z tests/unit/test_nfq2_slotclear_composition.py .........                  [ 32%]
validate	Run unit tests	2026-10-08T12:33:42.7486907Z tests/unit/test_nfq2_tick_path.py .....F...                              [ 32%]
validate	Run unit tests	2026-10-08T12:33:49.1448640Z tests/unit/test_no_inert_modules.py ......                               [ 32%]
validate	Run unit tests	2026-10-08T12:33:56.7628289Z tests/unit/test_no_test_reimplements_logic.py ....                       [ 32%]
validate	Run unit tests	2026-10-08T12:33:56.8439784Z tests/unit/test_oco_exit_ownership.py .........                          [ 32%]
validate	Run unit tests	2026-10-08T12:33:56.8522641Z tests/unit/test_oco_target_below_fill.py ..........                      [ 32%]
validate	Run unit tests	2026-10-08T12:33:57.0006980Z tests/unit/test_oms_a2_exit_not_sellable.py .................            [ 33%]
validate	Run unit tests	2026-10-08T12:33:57.6145623Z tests/unit/test_oms_cancel_dead_target_bound.py .....                    [ 33%]
validate	Run unit tests	2026-10-08T12:33:57.6188123Z tests/unit/test_oms_cancel_intent_terminal.py ......                     [ 33%]
validate	Run unit tests	2026-10-08T12:33:57.6546429Z tests/unit/test_oms_cancel_verify.py .............                       [ 33%]
validate	Run unit tests	2026-10-08T12:33:57.7830286Z tests/unit/test_oms_cw_flip_fanout.py .............                      [ 33%]
validate	Run unit tests	2026-10-08T12:33:58.5935869Z tests/unit/test_oms_direct_cancel_dead_target_bound.py ..............    [ 33%]
validate	Run unit tests	2026-10-08T12:33:58.5985623Z tests/unit/test_oms_exit_fetch_retry.py .......                          [ 33%]
validate	Run unit tests	2026-10-08T12:33:58.6128777Z tests/unit/test_oms_fanout_cap_fixes.py .........                        [ 33%]
validate	Run unit tests	2026-10-08T12:33:58.6234859Z tests/unit/test_oms_fanout_mirror_latency.py .....                       [ 33%]
validate	Run unit tests	2026-10-08T12:33:58.7240667Z tests/unit/test_oms_fillable_window.py ....                              [ 33%]
validate	Run unit tests	2026-10-08T12:33:58.8651783Z tests/unit/test_oms_intent_dropped_visibility.py ....                    [ 34%]
validate	Run unit tests	2026-10-08T12:33:59.2518257Z tests/unit/test_oms_intent_refusal_provenance.py ............            [ 34%]
validate	Run unit tests	2026-10-08T12:33:59.5143728Z tests/unit/test_oms_managed_exit_hold.py ............................... [ 34%]
validate	Run unit tests	2026-10-08T12:33:59.5148359Z                                                                          [ 34%]
validate	Run unit tests	2026-10-08T12:33:59.6110191Z tests/unit/test_oms_managed_positions.py ........                        [ 34%]
validate	Run unit tests	2026-10-08T12:33:59.6134960Z tests/unit/test_oms_multi_exit_per_entry.py .....                        [ 34%]
validate	Run unit tests	2026-10-08T12:33:59.7963897Z tests/unit/test_oms_native_oco_stand_down.py ..................          [ 35%]
validate	Run unit tests	2026-10-08T12:34:00.1282948Z tests/unit/test_oms_oco_entry_status_filter.py ...........               [ 35%]
validate	Run unit tests	2026-10-08T12:34:00.1351730Z tests/unit/test_oms_oco_exit_miss_logging.py ......                      [ 35%]
validate	Run unit tests	2026-10-08T12:34:00.1648327Z tests/unit/test_oms_orb_exit_fixes.py .................................. [ 35%]
validate	Run unit tests	2026-10-08T12:34:00.1692434Z .....                                                                    [ 35%]
validate	Run unit tests	2026-10-08T12:34:00.4601109Z tests/unit/test_oms_post_exit_stale_held_retry.py .....                  [ 35%]
validate	Run unit tests	2026-10-08T12:34:01.2069376Z tests/unit/test_oms_resolved_oco_fill_required.py ...............        [ 35%]
validate	Run unit tests	2026-10-08T12:34:01.3776924Z tests/unit/test_oms_restart_while_holding.py ......                      [ 36%]
validate	Run unit tests	2026-10-08T12:34:01.4312557Z tests/unit/test_oms_resting_refresh_throttle.py ......                   [ 36%]
validate	Run unit tests	2026-10-08T12:34:04.1403617Z tests/unit/test_oms_risk_service.py .................................... [ 36%]
validate	Run unit tests	2026-10-08T12:34:07.0547657Z ...................................................................      [ 37%]
validate	Run unit tests	2026-10-08T12:34:07.2583590Z tests/unit/test_oms_rth_edge_bracket.py ....................             [ 37%]
validate	Run unit tests	2026-10-08T12:34:07.2797601Z tests/unit/test_oms_rth_fanout_limit.py ...........                      [ 37%]
validate	Run unit tests	2026-10-08T12:34:07.4912656Z tests/unit/test_oms_schwab_policy_reject.py ...                          [ 37%]
validate	Run unit tests	2026-10-08T12:34:07.6200981Z tests/unit/test_oms_schwab_stop_limit_tick_lift.py ............          [ 38%]
validate	Run unit tests	2026-10-08T12:34:08.7522911Z tests/unit/test_oms_spof_resilience.py ................                  [ 38%]
validate	Run unit tests	2026-10-08T12:34:08.8576886Z tests/unit/test_oms_store.py ...                                         [ 38%]
validate	Run unit tests	2026-10-08T12:34:08.9673189Z tests/unit/test_oms_sync_open_order_rotation.py ..                       [ 38%]
validate	Run unit tests	2026-10-08T12:34:11.3983905Z tests/unit/test_oms_test_clock_policy.py .                               [ 38%]
validate	Run unit tests	2026-10-08T12:34:11.4016713Z tests/unit/test_oms_trailing_stop.py ......                              [ 38%]
validate	Run unit tests	2026-10-08T12:34:11.9502832Z tests/unit/test_oms_v2_eh_reactive_entry.py ...........                  [ 38%]
validate	Run unit tests	2026-10-08T12:34:13.3542184Z tests/unit/test_oms_v2_eh_resting_entry.py ......................        [ 38%]
validate	Run unit tests	2026-10-08T12:34:13.5398977Z tests/unit/test_oms_v2_oco_emit.py ..................                    [ 39%]
validate	Run unit tests	2026-10-08T12:34:13.5442348Z tests/unit/test_oms_v2_phantom_reconcile.py ....                         [ 39%]
validate	Run unit tests	2026-10-08T12:34:13.8801038Z tests/unit/test_oms_v2_rth_reactive_limit.py ............                [ 39%]
validate	Run unit tests	2026-10-08T12:34:13.8956621Z tests/unit/test_oms_webull_late_close_guard.py ........                  [ 39%]
validate	Run unit tests	2026-10-08T12:34:14.0518710Z tests/unit/test_oms_webull_mirror_deferred_resubmit.py ................. [ 39%]
validate	Run unit tests	2026-10-08T12:34:14.0814607Z ...............                                                          [ 39%]
validate	Run unit tests	2026-10-08T12:34:14.1079168Z tests/unit/test_option_a_inactive_control.py ........                    [ 39%]
validate	Run unit tests	2026-10-08T12:34:14.1170973Z tests/unit/test_option_a_treatment_1008_sampler.py .......               [ 40%]
validate	Run unit tests	2026-10-08T12:34:14.1431745Z tests/unit/test_option_a_treatment_guard.py ............................ [ 40%]
validate	Run unit tests	2026-10-08T12:34:14.1666028Z ..............                                                           [ 40%]
validate	Run unit tests	2026-10-08T12:34:14.1682507Z tests/unit/test_orb_completed_macd_gate.py ..                            [ 40%]
validate	Run unit tests	2026-10-08T12:34:14.4260311Z tests/unit/test_orb_consume_loop.py ....                                 [ 40%]
validate	Run unit tests	2026-10-08T12:34:14.4665757Z tests/unit/test_orb_day_roll.py ....                                     [ 40%]
validate	Run unit tests	2026-10-08T12:34:14.4706102Z tests/unit/test_orb_entry.py ......                                      [ 40%]
validate	Run unit tests	2026-10-08T12:34:14.4766653Z tests/unit/test_orb_exit_ladder_comparison.py ...........                [ 40%]
validate	Run unit tests	2026-10-08T12:34:14.6213485Z tests/unit/test_orb_fixed_resting.py ..............                      [ 41%]
validate	Run unit tests	2026-10-08T12:34:14.6246613Z tests/unit/test_orb_flat_five_stop_sweep.py ......                       [ 41%]
validate	Run unit tests	2026-10-08T12:34:14.6276519Z tests/unit/test_orb_heartbeat.py ....                                    [ 41%]
validate	Run unit tests	2026-10-08T12:34:14.6334095Z tests/unit/test_orb_intrabar.py ............                             [ 41%]
validate	Run unit tests	2026-10-08T12:34:14.6417713Z tests/unit/test_orb_momentum_turn_report.py .......                      [ 41%]
validate	Run unit tests	2026-10-08T12:34:14.6618339Z tests/unit/test_orb_oms_quote_priced_entry.py ..                         [ 41%]
validate	Run unit tests	2026-10-08T12:34:14.6761593Z tests/unit/test_orb_operator_filter_census.py ........................   [ 41%]
validate	Run unit tests	2026-10-08T12:34:14.8511239Z tests/unit/test_orb_paper_boundary.py .................                  [ 42%]
validate	Run unit tests	2026-10-08T12:34:14.9793702Z tests/unit/test_orb_paper_entry_gates.py ............                    [ 42%]
validate	Run unit tests	2026-10-08T12:34:14.9922484Z tests/unit/test_orb_paper_environment.py ....                            [ 42%]
validate	Run unit tests	2026-10-08T12:34:15.1509282Z tests/unit/test_orb_paper_lifecycle.py .................                 [ 42%]
validate	Run unit tests	2026-10-08T12:34:15.2209180Z tests/unit/test_orb_phantom.py .....                                     [ 42%]
validate	Run unit tests	2026-10-08T12:34:15.2257373Z tests/unit/test_orb_raw_price_walk.py .........                          [ 42%]
validate	Run unit tests	2026-10-08T12:34:15.2953627Z tests/unit/test_orb_reclaim.py .......                                   [ 42%]
validate	Run unit tests	2026-10-08T12:34:15.4226922Z tests/unit/test_orb_running_high.py .............                        [ 42%]
validate	Run unit tests	2026-10-08T12:34:15.4538801Z tests/unit/test_orb_schwab_bracket_plan.py ......                        [ 42%]
validate	Run unit tests	2026-10-08T12:34:15.5486842Z tests/unit/test_orb_schwab_exits.py .........................            [ 43%]
validate	Run unit tests	2026-10-08T12:34:15.6120961Z tests/unit/test_orb_schwab_macd.py ......                                [ 43%]
validate	Run unit tests	2026-10-08T12:34:15.6150236Z tests/unit/test_orb_schwab_open.py .....                                 [ 43%]
validate	Run unit tests	2026-10-08T12:34:17.8946175Z tests/unit/test_orb_schwab_order_route.py .............................. [ 43%]
validate	Run unit tests	2026-10-08T12:34:23.6610518Z ....................................................................     [ 44%]
validate	Run unit tests	2026-10-08T12:34:23.7523719Z tests/unit/test_orb_schwab_replace_adapter.py .........                  [ 44%]
validate	Run unit tests	2026-10-08T12:34:24.1246103Z tests/unit/test_orb_schwab_service.py .................................. [ 45%]
validate	Run unit tests	2026-10-08T12:34:24.3112561Z ...............                                                          [ 45%]
validate	Run unit tests	2026-10-08T12:34:24.3149280Z tests/unit/test_orb_service.py .....                                     [ 45%]
validate	Run unit tests	2026-10-08T12:34:24.3231607Z tests/unit/test_orb_strategy_backtest.py ..............                  [ 45%]
validate	Run unit tests	2026-10-08T12:34:24.3261796Z tests/unit/test_orb_tick_aggregator.py ......                            [ 45%]
validate	Run unit tests	2026-10-08T12:34:24.3543841Z tests/unit/test_orb_webull_routing.py ...                                [ 45%]
validate	Run unit tests	2026-10-08T12:34:26.6619562Z tests/unit/test_orbpurple1_atr_entry.py ...............................  [ 46%]
validate	Run unit tests	2026-10-08T12:34:26.6653487Z tests/unit/test_order_routing.py .......                                 [ 46%]
validate	Run unit tests	2026-10-08T12:34:26.6678929Z tests/unit/test_orphan_order_check.py .....                              [ 46%]
validate	Run unit tests	2026-10-08T12:34:26.6719895Z tests/unit/test_orphan_order_ownership_and_oversell.py .........         [ 46%]
validate	Run unit tests	2026-10-08T12:34:31.8900836Z tests/unit/test_ownmix1_entry_binding.py ............................... [ 46%]
validate	Run unit tests	2026-10-08T12:34:32.0837278Z ....                                                                     [ 46%]
validate	Run unit tests	2026-10-08T12:34:32.4386068Z tests/unit/test_ownmix1_oco_hint.py .......                              [ 47%]
validate	Run unit tests	2026-10-08T12:34:35.0088676Z tests/unit/test_ownmix1_review_followup.py ............................. [ 47%]
validate	Run unit tests	2026-10-08T12:34:39.0709564Z ......                                                                   [ 47%]
validate	Run unit tests	2026-10-08T12:34:39.1190509Z tests/unit/test_p1_v2_paper_routing.py .....                             [ 47%]
validate	Run unit tests	2026-10-08T12:34:39.1547261Z tests/unit/test_paper_exit.py .......................................... [ 48%]
validate	Run unit tests	2026-10-08T12:34:39.3843558Z ................                                                         [ 48%]
validate	Run unit tests	2026-10-08T12:34:39.3911721Z tests/unit/test_phantom_managed_rows.py .............                    [ 48%]
validate	Run unit tests	2026-10-08T12:34:39.7746506Z tests/unit/test_pmprint1_pmflip1.py .................................... [ 48%]
validate	Run unit tests	2026-10-08T12:34:40.2654500Z ..................................                                       [ 49%]
validate	Run unit tests	2026-10-08T12:34:42.9631432Z tests/unit/test_pmprint1_tonight_flags.py ....................           [ 49%]
validate	Run unit tests	2026-10-08T12:34:43.3983314Z tests/unit/test_pmrest1.py ........................................      [ 50%]
validate	Run unit tests	2026-10-08T12:34:43.7673287Z tests/unit/test_polygon_30s_bot.py .............................         [ 50%]
validate	Run unit tests	2026-10-08T12:34:43.7804589Z tests/unit/test_polygon_last_bot_tick.py .                               [ 50%]
validate	Run unit tests	2026-10-08T12:34:43.7842966Z tests/unit/test_post_exit_stale_held_acceptance.py ......                [ 50%]
validate	Run unit tests	2026-10-08T12:34:43.7934608Z tests/unit/test_post_restart_health_gate.py ................             [ 50%]
validate	Run unit tests	2026-10-08T12:34:43.9157101Z tests/unit/test_preopen_restart_evidence_routing.py .................... [ 51%]
validate	Run unit tests	2026-10-08T12:34:43.9235585Z .                                                                        [ 51%]
validate	Run unit tests	2026-10-08T12:34:43.9350249Z tests/unit/test_proximity_sweep.py ...................                   [ 51%]
validate	Run unit tests	2026-10-08T12:34:43.9386075Z tests/unit/test_prune_reconciliation.py .......                          [ 51%]
validate	Run unit tests	2026-10-08T12:34:43.9438453Z tests/unit/test_prune_strategy_bar_history.py ..........                 [ 51%]
validate	Run unit tests	2026-10-08T12:34:44.0428563Z tests/unit/test_reconcile_alert_cron.py ....                             [ 51%]
validate	Run unit tests	2026-10-08T12:34:44.1172372Z tests/unit/test_reconciler_heartbeat_redis_reload.py .......             [ 51%]
validate	Run unit tests	2026-10-08T12:34:44.9051140Z tests/unit/test_reconciliation_service.py ...................            [ 51%]
validate	Run unit tests	2026-10-08T12:34:44.9113343Z tests/unit/test_reconstruct_live_exit_reject_episodes.py ............    [ 52%]
validate	Run unit tests	2026-10-08T12:34:44.9136100Z tests/unit/test_reject_classes.py ....                                   [ 52%]
validate	Run unit tests	2026-10-08T12:34:44.9935663Z tests/unit/test_replay_refusal_wiring.py ...........                     [ 52%]
validate	Run unit tests	2026-10-08T12:34:44.9984745Z tests/unit/test_report_bar_gaps.py ...........                           [ 52%]
validate	Run unit tests	2026-10-08T12:34:47.1991392Z tests/unit/test_reserve1.py ............................................ [ 52%]
validate	Run unit tests	2026-10-08T12:34:47.1997227Z                                                                          [ 52%]
validate	Run unit tests	2026-10-08T12:34:47.2082943Z tests/unit/test_resting_entry_slippage.py ............                   [ 53%]
validate	Run unit tests	2026-10-08T12:34:47.2572613Z tests/unit/test_retain1.py ............................................. [ 53%]
validate	Run unit tests	2026-10-08T12:34:47.2861758Z .................                                                        [ 53%]
validate	Run unit tests	2026-10-08T12:34:47.2900427Z tests/unit/test_retry_one_backtest.py ....                               [ 53%]
validate	Run unit tests	2026-10-08T12:34:47.7883728Z tests/unit/test_retryleft1.py .........................................  [ 54%]
validate	Run unit tests	2026-10-08T12:34:48.0690030Z tests/unit/test_review_pin_audit.py ......                               [ 54%]
validate	Run unit tests	2026-10-08T12:34:49.4184877Z tests/unit/test_review_pin_gate.py .........                             [ 54%]
validate	Run unit tests	2026-10-08T12:34:49.8521572Z tests/unit/test_roundup1.py ............................................ [ 55%]
validate	Run unit tests	2026-10-08T12:34:50.5601305Z ........................................................................ [ 56%]
validate	Run unit tests	2026-10-08T12:34:51.2211380Z ........................................................................ [ 57%]
validate	Run unit tests	2026-10-08T12:34:51.9317458Z ........................................................................ [ 58%]
validate	Run unit tests	2026-10-08T12:34:52.6635596Z ........................................................................ [ 59%]
validate	Run unit tests	2026-10-08T12:34:53.7356931Z ........................................................................ [ 59%]
validate	Run unit tests	2026-10-08T12:34:53.9999290Z ................                                                         [ 60%]
validate	Run unit tests	2026-10-08T12:34:54.0216993Z tests/unit/test_rpg1_buy_readback.py ................................... [ 60%]
validate	Run unit tests	2026-10-08T12:34:54.0624650Z ...............................................                          [ 61%]
validate	Run unit tests	2026-10-08T12:34:55.0089019Z tests/unit/test_rpg1_nfq1_composition.py ........                        [ 61%]
validate	Run unit tests	2026-10-08T12:34:56.2315975Z tests/unit/test_rpg1_pending_first_quote.py ............................ [ 61%]
validate	Run unit tests	2026-10-08T12:34:56.3068294Z .......                                                                  [ 61%]
validate	Run unit tests	2026-10-08T12:35:06.2520659Z tests/unit/test_rpg1_piece3_14.py ....................                   [ 62%]
validate	Run unit tests	2026-10-08T12:35:07.4259528Z tests/unit/test_rpg1_reprice_handoff.py ................................ [ 62%]
validate	Run unit tests	2026-10-08T12:35:08.0346419Z ....                                                                     [ 62%]
validate	Run unit tests	2026-10-08T12:35:14.9967297Z tests/unit/test_rpg1_review_guards.py .........................          [ 62%]
validate	Run unit tests	2026-10-08T12:35:31.5217672Z tests/unit/test_rpg1_runtime.py ........................................ [ 63%]
validate	Run unit tests	2026-10-08T12:35:37.3825797Z ...........                                                              [ 63%]
validate	Run unit tests	2026-10-08T12:35:40.0215666Z tests/unit/test_rpg1_runtime_nfq.py ....                                 [ 63%]
validate	Run unit tests	2026-10-08T12:35:49.0747174Z tests/unit/test_rpgretire1_flag_off.py ................................. [ 63%]
validate	Run unit tests	2026-10-08T12:35:52.1994744Z ............                                                             [ 64%]
validate	Run unit tests	2026-10-08T12:36:03.7279349Z tests/unit/test_rpgstuck1.py ........................................... [ 64%]
validate	Run unit tests	2026-10-08T12:36:25.6680869Z ......................................................                   [ 65%]
validate	Run unit tests	2026-10-08T12:36:41.1630170Z tests/unit/test_rpgstuck1_all_on.py ................................     [ 65%]
validate	Run unit tests	2026-10-08T12:36:45.6874215Z tests/unit/test_rpgstuck1_later_startup.py ........                      [ 65%]
validate	Run unit tests	2026-10-08T12:36:51.6523149Z tests/unit/test_rpgstuck1_loop_liveness.py .....                         [ 65%]
validate	Run unit tests	2026-10-08T12:36:55.9990221Z tests/unit/test_rpgstuck1_restart_clock.py ................              [ 66%]
validate	Run unit tests	2026-10-08T12:37:15.4749380Z tests/unit/test_rpgstuck1_review_completion.py .......................   [ 66%]
validate	Run unit tests	2026-10-08T12:37:18.7812966Z tests/unit/test_rpgstuck1_runtime_exhaustion.py .........                [ 66%]
validate	Run unit tests	2026-10-08T12:37:19.7735466Z tests/unit/test_rpgstuck1_schwab_sequences.py ...                        [ 66%]
validate	Run unit tests	2026-10-08T12:37:30.2595856Z tests/unit/test_rpgstuck1_startup.py ................................... [ 67%]
validate	Run unit tests	2026-10-08T12:37:37.5570924Z ...................                                                      [ 67%]
validate	Run unit tests	2026-10-08T12:37:37.6701418Z tests/unit/test_runner_strategy.py ............                          [ 67%]
validate	Run unit tests	2026-10-08T12:37:37.6981924Z tests/unit/test_runtime_registry.py ...                                  [ 67%]
validate	Run unit tests	2026-10-08T12:37:37.8609622Z tests/unit/test_runtime_seed.py ....                                     [ 67%]
validate	Run unit tests	2026-10-08T12:37:37.9178713Z tests/unit/test_scanner_capture_alert.py .............                   [ 67%]
validate	Run unit tests	2026-10-08T12:37:37.9442587Z tests/unit/test_scanner_confirmed_capture.py ............                [ 67%]
validate	Run unit tests	2026-10-08T12:37:38.0301179Z tests/unit/test_scanner_cycle_history_restore.py ..                      [ 67%]
validate	Run unit tests	2026-10-08T12:37:38.5944365Z tests/unit/test_schwab_1m_bot.py ....................................... [ 68%]
validate	Run unit tests	2026-10-08T12:37:38.5954406Z .                                                                        [ 68%]
validate	Run unit tests	2026-10-08T12:37:38.6747159Z tests/unit/test_schwab_1m_v2_armed_segment_safety.py ........            [ 68%]
validate	Run unit tests	2026-10-08T12:37:38.7145367Z tests/unit/test_schwab_1m_v2_atr_arm_adjacency.py ....                   [ 68%]
validate	Run unit tests	2026-10-08T12:37:38.7917359Z tests/unit/test_schwab_1m_v2_atr_bar_gap.py ......                       [ 68%]
validate	Run unit tests	2026-10-08T12:37:39.1208357Z tests/unit/test_schwab_1m_v2_atr_flip.py .....................           [ 68%]
validate	Run unit tests	2026-10-08T12:37:39.5519227Z tests/unit/test_schwab_1m_v2_bot.py .................................... [ 69%]
validate	Run unit tests	2026-10-08T12:37:39.6338924Z ........                                                                 [ 69%]
validate	Run unit tests	2026-10-08T12:37:39.7839690Z tests/unit/test_schwab_1m_v2_confirmed_window.py ..............          [ 69%]
validate	Run unit tests	2026-10-08T12:37:40.1435241Z tests/unit/test_schwab_1m_v2_cw_v2.py .................................. [ 70%]
validate	Run unit tests	2026-10-08T12:37:40.1439908Z                                                                          [ 70%]
validate	Run unit tests	2026-10-08T12:37:40.2904504Z tests/unit/test_schwab_1m_v2_eh_resting_entry.py ...............         [ 70%]
validate	Run unit tests	2026-10-08T12:37:40.5420592Z tests/unit/test_schwab_1m_v2_eh_stream_cross.py ........................ [ 70%]
validate	Run unit tests	2026-10-08T12:37:40.7403364Z ...................                                                      [ 70%]
validate	Run unit tests	2026-10-08T12:37:40.7904868Z tests/unit/test_schwab_1m_v2_fanout_entry_n.py .....                     [ 70%]
validate	Run unit tests	2026-10-08T12:37:40.8915426Z tests/unit/test_schwab_1m_v2_gap_hold.py ........                        [ 71%]
validate	Run unit tests	2026-10-08T12:37:40.9020023Z tests/unit/test_schwab_1m_v2_gap_hold_prints.py .                        [ 71%]
validate	Run unit tests	2026-10-08T12:37:40.9752530Z tests/unit/test_schwab_1m_v2_hold_confirm.py ......                      [ 71%]
validate	Run unit tests	2026-10-08T12:37:41.0949391Z tests/unit/test_schwab_1m_v2_liquidity_floor_coverage.py ............... [ 71%]
validate	Run unit tests	2026-10-08T12:37:41.0956564Z .                                                                        [ 71%]
validate	Run unit tests	2026-10-08T12:37:42.3650780Z tests/unit/test_schwab_1m_v2_loop_resilience.py .........                [ 71%]
validate	Run unit tests	2026-10-08T12:37:42.4125566Z tests/unit/test_schwab_1m_v2_reactive_eh_guard.py ....                   [ 71%]
validate	Run unit tests	2026-10-08T12:37:42.7484670Z tests/unit/test_schwab_1m_v2_reportable_state.py .........               [ 71%]
validate	Run unit tests	2026-10-08T12:37:43.0159261Z tests/unit/test_schwab_1m_v2_resting_entry.py .......................... [ 71%]
validate	Run unit tests	2026-10-08T12:37:43.0553111Z ....                                                                     [ 71%]
validate	Run unit tests	2026-10-08T12:37:43.1810279Z tests/unit/test_schwab_1m_v2_resting_orphan.py ..........                [ 72%]
validate	Run unit tests	2026-10-08T12:37:43.2125866Z tests/unit/test_schwab_1m_v2_resting_trigger_offset.py ............      [ 72%]
validate	Run unit tests	2026-10-08T12:37:43.3001211Z tests/unit/test_schwab_1m_v2_retry_one_recovery.py ........              [ 72%]
validate	Run unit tests	2026-10-08T12:37:43.4972546Z tests/unit/test_schwab_1m_v2_session_time_roll.py ....................   [ 72%]
validate	Run unit tests	2026-10-08T12:37:43.5939391Z tests/unit/test_schwab_1m_v2_watch_start.py ............                 [ 72%]
validate	Run unit tests	2026-10-08T12:37:43.7471938Z tests/unit/test_schwab_adapter.py ...............                        [ 72%]
validate	Run unit tests	2026-10-08T12:37:43.7710781Z tests/unit/test_schwab_after_hours_stale_halt.py ..                      [ 72%]
validate	Run unit tests	2026-10-08T12:37:43.8163957Z tests/unit/test_schwab_cancel_unconfirmed.py .....                       [ 73%]
validate	Run unit tests	2026-10-08T12:37:43.9133151Z tests/unit/test_schwab_exit_only_oco.py ..........                       [ 73%]
validate	Run unit tests	2026-10-08T12:37:43.9734912Z tests/unit/test_schwab_gap_recovery_guard.py ....                        [ 73%]
validate	Run unit tests	2026-10-08T12:37:44.2813307Z tests/unit/test_schwab_native_bracket.py ............................... [ 73%]
validate	Run unit tests	2026-10-08T12:37:44.2819413Z                                                                          [ 73%]
validate	Run unit tests	2026-10-08T12:37:44.2908519Z tests/unit/test_schwab_native_late_trade_revision.py ...............     [ 73%]
validate	Run unit tests	2026-10-08T12:37:44.3116241Z tests/unit/test_schwab_never_synthesize_flat.py ................         [ 74%]
validate	Run unit tests	2026-10-08T12:37:44.3213518Z tests/unit/test_schwab_oco_child_cancel_probe.py ...                     [ 74%]
validate	Run unit tests	2026-10-08T12:37:44.3571287Z tests/unit/test_schwab_prewarm_and_auth.py ...                           [ 74%]
validate	Run unit tests	2026-10-08T12:37:44.3754134Z tests/unit/test_schwab_refresh_count_check.py ............               [ 74%]
validate	Run unit tests	2026-10-08T12:37:44.4708964Z tests/unit/test_schwab_streamer_chart_grace.py .........                 [ 74%]
validate	Run unit tests	2026-10-08T12:37:49.5064337Z tests/unit/test_schwab_streamer_timesale.py .......                      [ 74%]
validate	Run unit tests	2026-10-08T12:37:49.5234390Z tests/unit/test_schwab_tick_archive.py ..........                        [ 74%]
validate	Run unit tests	2026-10-08T12:37:49.5263794Z tests/unit/test_schwab_token_expiry_check.py ......                      [ 74%]
validate	Run unit tests	2026-10-08T12:37:49.6751659Z tests/unit/test_schwab_token_grant_characterization.py ...........       [ 74%]
validate	Run unit tests	2026-10-08T12:37:49.6877549Z tests/unit/test_schwab_token_manager.py ..............                   [ 75%]
validate	Run unit tests	2026-10-08T12:37:49.8867689Z tests/unit/test_schwab_token_refresher.py .............                  [ 75%]
validate	Run unit tests	2026-10-08T12:37:50.0107717Z tests/unit/test_schwab_v2_tick_capture.py ............                   [ 75%]
validate	Run unit tests	2026-10-08T12:37:50.0272370Z tests/unit/test_seed_exposure_detector.py .............................. [ 75%]
validate	Run unit tests	2026-10-08T12:37:50.0303765Z ......                                                                   [ 75%]
validate	Run unit tests	2026-10-08T12:37:50.1055885Z tests/unit/test_service_db_timeouts.py ......                            [ 75%]
validate	Run unit tests	2026-10-08T12:37:57.3099236Z tests/unit/test_service_source_freshness.py ..............               [ 76%]
validate	Run unit tests	2026-10-08T12:37:57.3120251Z tests/unit/test_simulated_broker_adapter.py ..                           [ 76%]
validate	Run unit tests	2026-10-08T12:37:57.7500626Z tests/unit/test_slotclear1_fresh_flip.py ..............................  [ 76%]
validate	Run unit tests	2026-10-08T12:37:58.0723177Z tests/unit/test_slotclear1_fresh_sell.py ............................... [ 76%]
validate	Run unit tests	2026-10-08T12:37:58.1600780Z ........                                                                 [ 76%]
validate	Run unit tests	2026-10-08T12:37:58.1634322Z tests/unit/test_snapshot_persist_throttle.py ......                      [ 77%]
validate	Run unit tests	2026-10-08T12:37:58.1988688Z tests/unit/test_strategy_core.py ....................................... [ 77%]
validate	Run unit tests	2026-10-08T12:37:58.2169386Z ......................                                                   [ 77%]
validate	Run unit tests	2026-10-08T12:37:58.2177029Z tests/unit/test_strategy_core_cum_vol_fix.py .                           [ 77%]
validate	Run unit tests	2026-10-08T12:37:58.3733936Z tests/unit/test_strategy_engine_main_loop_resilience.py .........        [ 77%]
validate	Run unit tests	2026-10-08T12:37:58.5941049Z tests/unit/test_strategy_engine_service.py ............................. [ 78%]
validate	Run unit tests	2026-10-08T12:38:27.0875852Z ........................................................................ [ 79%]
validate	Run unit tests	2026-10-08T12:38:28.4874303Z ........................................................................ [ 80%]
validate	Run unit tests	2026-10-08T12:38:29.5535474Z ...............................................                          [ 80%]
validate	Run unit tests	2026-10-08T12:38:29.7729576Z tests/unit/test_strategy_persist_offload.py ........                     [ 80%]
validate	Run unit tests	2026-10-08T12:38:29.7897154Z tests/unit/test_study_report.py .......................                  [ 81%]
validate	Run unit tests	2026-10-08T12:38:33.0608039Z tests/unit/test_sync_checkout_only.py ................                   [ 81%]
validate	Run unit tests	2026-10-08T12:38:33.0664445Z tests/unit/test_sync_raise_propagation.py ......                         [ 81%]
validate	Run unit tests	2026-10-08T12:38:41.7269828Z tests/unit/test_t43_olox_cancel_chain.py ............................... [ 81%]
validate	Run unit tests	2026-10-08T12:39:01.0109842Z .................................................................        [ 82%]
validate	Run unit tests	2026-10-08T12:39:16.3561347Z tests/unit/test_t43_one_leg_recovery.py ................................ [ 83%]
validate	Run unit tests	2026-10-08T12:39:39.4137294Z ............                                                             [ 83%]
validate	Run unit tests	2026-10-08T12:39:39.4181847Z tests/unit/test_time_utils.py ........                                   [ 83%]
validate	Run unit tests	2026-10-08T12:39:39.4515814Z tests/unit/test_trade_coach_app.py ....                                  [ 83%]
validate	Run unit tests	2026-10-08T12:39:39.5581967Z tests/unit/test_trade_coach_repository.py ...                            [ 83%]
validate	Run unit tests	2026-10-08T12:39:39.5598933Z tests/unit/test_trade_coach_service.py ...                               [ 83%]
validate	Run unit tests	2026-10-08T12:39:39.5734478Z tests/unit/test_trade_episodes.py .......................                [ 83%]
validate	Run unit tests	2026-10-08T12:39:39.5771768Z tests/unit/test_trade_reasons.py ........                                [ 83%]
validate	Run unit tests	2026-10-08T12:39:39.5850713Z tests/unit/test_trade_recorder.py ...........                            [ 84%]
validate	Run unit tests	2026-10-08T12:39:39.5906181Z tests/unit/test_trade_recorder_day.py .......                            [ 84%]
validate	Run unit tests	2026-10-08T12:39:39.8962926Z tests/unit/test_unattended_upgrade_policy.py ....                        [ 84%]
validate	Run unit tests	2026-10-08T12:39:39.9058280Z tests/unit/test_unexercised_provocations.py ............                 [ 84%]
validate	Run unit tests	2026-10-08T12:39:40.0275585Z tests/unit/test_unexercised_watch.py ................................... [ 84%]
validate	Run unit tests	2026-10-08T12:39:40.0751411Z ....................                                                     [ 85%]
validate	Run unit tests	2026-10-08T12:39:40.0987252Z tests/unit/test_unexercised_watch_pager_hours_close.py ................. [ 85%]
validate	Run unit tests	2026-10-08T12:39:40.5683480Z .....................                                                    [ 85%]
validate	Run unit tests	2026-10-08T12:39:40.6804878Z tests/unit/test_v2_0831_replay.py ..........                             [ 85%]
validate	Run unit tests	2026-10-08T12:39:40.8765729Z tests/unit/test_v2_arm_lifecycle.py ....................                 [ 85%]
validate	Run unit tests	2026-10-08T12:39:41.1322848Z tests/unit/test_v2_atr_massive_seed.py ..............                    [ 86%]
validate	Run unit tests	2026-10-08T12:39:41.1409885Z tests/unit/test_v2_atr_massive_seed_installer.py ...                     [ 86%]
validate	Run unit tests	2026-10-08T12:39:41.1538613Z tests/unit/test_v2_atr_sell_observation.py ....                          [ 86%]
validate	Run unit tests	2026-10-08T12:39:41.1738299Z tests/unit/test_v2_atr_short_flip_stamp.py ..                            [ 86%]
validate	Run unit tests	2026-10-08T12:39:41.4513663Z tests/unit/test_v2_boot_restoration_guard.py ........................... [ 86%]
validate	Run unit tests	2026-10-08T12:39:41.5959368Z .............                                                            [ 86%]
validate	Run unit tests	2026-10-08T12:39:41.6000674Z tests/unit/test_v2_cw_disarm_line.py .....                               [ 86%]
validate	Run unit tests	2026-10-08T12:39:44.6075878Z tests/unit/test_v2_cw_managed_exit.py .................................. [ 87%]
validate	Run unit tests	2026-10-08T12:39:44.8205184Z ....                                                                     [ 87%]
validate	Run unit tests	2026-10-08T12:39:44.8520525Z tests/unit/test_v2_db_seed_calendar_lookup.py .......................... [ 87%]
validate	Run unit tests	2026-10-08T12:39:44.8532389Z .                                                                        [ 87%]
validate	Run unit tests	2026-10-08T12:39:44.8762539Z tests/unit/test_v2_db_seed_gap_truncation.py .......................     [ 87%]
validate	Run unit tests	2026-10-08T12:39:45.0694692Z tests/unit/test_v2_db_seed_warmup.py ........                            [ 88%]
validate	Run unit tests	2026-10-08T12:39:45.2906587Z tests/unit/test_v2_dual_broker_fanout.py ............................... [ 88%]
validate	Run unit tests	2026-10-08T12:39:45.4134471Z .............                                                            [ 88%]
validate	Run unit tests	2026-10-08T12:39:45.4257182Z tests/unit/test_v2_entry_composition_slot.py ...                         [ 88%]
validate	Run unit tests	2026-10-08T12:39:45.4283976Z tests/unit/test_v2_entry_fix_watch.py .....                              [ 88%]
validate	Run unit tests	2026-10-08T12:39:45.6675489Z tests/unit/test_v2_entry_sizing.py ...............................       [ 89%]
validate	Run unit tests	2026-10-08T12:39:45.7559066Z tests/unit/test_v2_entry_window.py .........                             [ 89%]
validate	Run unit tests	2026-10-08T12:39:46.4177560Z tests/unit/test_v2_eod_cancel_reexit.py ......................           [ 89%]
validate	Run unit tests	2026-10-08T12:39:47.2344751Z tests/unit/test_v2_eod_oco_transition.py ..................              [ 89%]
validate	Run unit tests	2026-10-08T12:39:47.3635227Z tests/unit/test_v2_exit_paper_isolation.py .....                         [ 89%]
validate	Run unit tests	2026-10-08T12:39:47.4127272Z tests/unit/test_v2_exit_retry_bound.py .........................         [ 90%]
validate	Run unit tests	2026-10-08T12:39:47.4621140Z tests/unit/test_v2_extended_hours_routing.py .....                       [ 90%]
validate	Run unit tests	2026-10-08T12:39:47.4795915Z tests/unit/test_v2_fanout_claim_expiry.py .......                        [ 90%]
validate	Run unit tests	2026-10-08T12:39:47.5604100Z tests/unit/test_v2_fanout_mirror_cross_observation.py ........           [ 90%]
validate	Run unit tests	2026-10-08T12:39:47.5841362Z tests/unit/test_v2_fanout_on_fill.py .........                           [ 90%]
validate	Run unit tests	2026-10-08T12:39:47.7094234Z tests/unit/test_v2_fanout_once_per_flip.py .....                         [ 90%]
validate	Run unit tests	2026-10-08T12:39:47.7796750Z tests/unit/test_v2_fanout_segment_attribution.py .......                 [ 90%]
validate	Run unit tests	2026-10-08T12:39:47.8793562Z tests/unit/test_v2_fanout_suppression_marker.py .........                [ 90%]
validate	Run unit tests	2026-10-08T12:39:47.9387742Z tests/unit/test_v2_fanout_zero_hold_mirror_scope.py ......               [ 90%]
validate	Run unit tests	2026-10-08T12:39:48.4147019Z tests/unit/test_v2_flip_entry_ownership_store.py ....................... [ 91%]
validate	Run unit tests	2026-10-08T12:39:48.4294710Z .                                                                        [ 91%]
validate	Run unit tests	2026-10-08T12:39:48.7134831Z tests/unit/test_v2_flip_owned_first_entry.py ........................... [ 91%]
validate	Run unit tests	2026-10-08T12:39:49.1082295Z ....................................                                     [ 92%]
validate	Run unit tests	2026-10-08T12:39:49.1685064Z tests/unit/test_v2_g01_ncra_0831_replay.py ......                        [ 92%]
validate	Run unit tests	2026-10-08T12:39:49.2194918Z tests/unit/test_v2_gateway_subscription.py .....                         [ 92%]
validate	Run unit tests	2026-10-08T12:39:49.2832357Z tests/unit/test_v2_held_symbol_exit_coverage.py .........                [ 92%]
validate	Run unit tests	2026-10-08T12:39:51.0419705Z tests/unit/test_v2_managed_exit.py ..................................... [ 92%]
validate	Run unit tests	2026-10-08T12:40:07.0410959Z ...........                                                              [ 92%]
validate	Run unit tests	2026-10-08T12:40:07.0454399Z tests/unit/test_v2_oco_emit_account_scoped.py ...                        [ 92%]
validate	Run unit tests	2026-10-08T12:40:07.7881355Z tests/unit/test_v2_overnight_flatten.py ...............                  [ 93%]
validate	Run unit tests	2026-10-08T12:40:07.7911399Z tests/unit/test_v2_post_roll_joiner_seed_cap.py ...                      [ 93%]
validate	Run unit tests	2026-10-08T12:40:08.2508652Z tests/unit/test_v2_premarket_position_across_open.py .........           [ 93%]
validate	Run unit tests	2026-10-08T12:40:08.5360619Z tests/unit/test_v2_reclaim_resting_entry.py ............................ [ 93%]
validate	Run unit tests	2026-10-08T12:40:08.6073637Z ........                                                                 [ 93%]
validate	Run unit tests	2026-10-08T12:40:08.6490838Z tests/unit/test_v2_reference_price.py ...                                [ 93%]
validate	Run unit tests	2026-10-08T12:40:08.6705070Z tests/unit/test_v2_restart_evidence.py ................................. [ 94%]
validate	Run unit tests	2026-10-08T12:40:08.7830542Z ....................................................................     [ 95%]
validate	Run unit tests	2026-10-08T12:40:08.7894506Z tests/unit/test_v2_resting_cancel_rth_placed.py .......                  [ 95%]
validate	Run unit tests	2026-10-08T12:40:08.8025954Z tests/unit/test_v2_resting_reason_never_claims_a_fill.py ......          [ 95%]
validate	Run unit tests	2026-10-08T12:40:09.1490935Z tests/unit/test_v2_retry_one.py ...........................              [ 95%]
validate	Run unit tests	2026-10-08T12:40:09.4225014Z tests/unit/test_v2_rule7_block_instrumented.py .........                 [ 95%]
validate	Run unit tests	2026-10-08T12:40:09.5035003Z tests/unit/test_v2_slot_consumption_on_fill.py ........                  [ 95%]
validate	Run unit tests	2026-10-08T12:40:09.5393241Z tests/unit/test_v2_webull_resting_mirror.py ...............              [ 96%]
validate	Run unit tests	2026-10-08T12:40:09.5423684Z tests/unit/test_virtual_clear_missing_updated_at.py ....                 [ 96%]
validate	Run unit tests	2026-10-08T12:40:09.5935981Z tests/unit/test_webull_adapter.py ...................................... [ 96%]
validate	Run unit tests	2026-10-08T12:40:09.8321838Z ................................................................         [ 97%]
validate	Run unit tests	2026-10-08T12:40:09.8766835Z tests/unit/test_webull_attach_protection.py ..........................   [ 97%]
validate	Run unit tests	2026-10-08T12:40:09.8817535Z tests/unit/test_webull_attach_report_seam.py ....                        [ 97%]
validate	Run unit tests	2026-10-08T12:40:09.8894662Z tests/unit/test_webull_exit_pair_session.py .........                    [ 97%]
validate	Run unit tests	2026-10-08T12:40:11.1102955Z tests/unit/test_webull_hard_stop_floor_shared_path.py .................. [ 98%]
validate	Run unit tests	2026-10-08T12:40:11.6948251Z ..........                                                               [ 98%]
validate	Run unit tests	2026-10-08T12:40:12.3723122Z tests/unit/test_webull_list_primary.py ................................. [ 98%]
validate	Run unit tests	2026-10-08T12:40:12.4455784Z ................................                                         [ 99%]
validate	Run unit tests	2026-10-08T12:40:12.7816980Z tests/unit/test_webull_mirror_eh.py ........                             [ 99%]
validate	Run unit tests	2026-10-08T12:40:13.2331473Z tests/unit/test_webull_mirror_on_fill.py ..........                      [ 99%]
validate	Run unit tests	2026-10-08T12:40:13.2413922Z tests/unit/test_webull_native_bracket.py ..........                      [ 99%]
validate	Run unit tests	2026-10-08T12:40:13.2427961Z tests/unit/test_webull_oco_step1_coid.py ..                              [ 99%]
validate	Run unit tests	2026-10-08T12:40:13.3345987Z tests/unit/test_webull_protect_guards.py ..............                  [ 99%]
validate	Run unit tests	2026-10-08T12:40:13.3755240Z tests/unit/test_webull_protect_handle_persistence.py ..........          [ 99%]
validate	Run unit tests	2026-10-08T12:40:13.4484703Z tests/unit/test_webull_protect_retry_horizon.py ...........              [ 99%]
validate	Run unit tests	2026-10-08T12:40:17.0891267Z tests/unit/test_webull_sdk_log_redaction.py ...                          [100%]
validate	Run unit tests	2026-10-08T12:40:17.0891954Z 
validate	Run unit tests	2026-10-08T12:40:17.0892294Z =================================== FAILURES ===================================
validate	Run unit tests	2026-10-08T12:40:17.0893478Z ___ test_nfq2_slow_save_does_not_stall_loop_and_concurrent_quotes_queue_once ___
validate	Run unit tests	2026-10-08T12:40:17.0893820Z 
validate	Run unit tests	2026-10-08T12:40:17.0894085Z service = <project_mai_tai.oms.service.OmsRiskService object at 0x7fd5e2ecfce0>
validate	Run unit tests	2026-10-08T12:40:17.0894668Z monkeypatch = <_pytest.monkeypatch.MonkeyPatch object at 0x7fd5e2e35ac0>
validate	Run unit tests	2026-10-08T12:40:17.0894938Z 
validate	Run unit tests	2026-10-08T12:40:17.0895128Z     @pytest.mark.asyncio
validate	Run unit tests	2026-10-08T12:40:17.0895615Z     async def test_nfq2_slow_save_does_not_stall_loop_and_concurrent_quotes_queue_once(service, monkeypatch):
validate	Run unit tests	2026-10-08T12:40:17.0896128Z         hold(service, biya())
validate	Run unit tests	2026-10-08T12:40:17.0896477Z         quote(service)
validate	Run unit tests	2026-10-08T12:40:17.0896811Z         original = service._nfq2_transition
validate	Run unit tests	2026-10-08T12:40:17.0897210Z         started = Event()
validate	Run unit tests	2026-10-08T12:40:17.0897509Z         transitions = []
validate	Run unit tests	2026-10-08T12:40:17.0898020Z     
validate	Run unit tests	2026-10-08T12:40:17.0898363Z         def slow(session, *args, **kwargs):
validate	Run unit tests	2026-10-08T12:40:17.0898884Z             transitions.append(get_ident())
validate	Run unit tests	2026-10-08T12:40:17.0899230Z             started.set()
validate	Run unit tests	2026-10-08T12:40:17.0899540Z             sleep(0.15)
validate	Run unit tests	2026-10-08T12:40:17.0899865Z             return original(session, *args, **kwargs)
validate	Run unit tests	2026-10-08T12:40:17.1019217Z     
validate	Run unit tests	2026-10-08T12:40:17.1019733Z         monkeypatch.setattr(service, "_nfq2_transition", slow)
validate	Run unit tests	2026-10-08T12:40:17.1020377Z         pending = asyncio.create_task(service._evaluate_nfq2_holds("BIYA"))
validate	Run unit tests	2026-10-08T12:40:17.1020988Z         assert await asyncio.to_thread(started.wait, 2)
validate	Run unit tests	2026-10-08T12:40:17.1021471Z         start = asyncio.get_running_loop().time()
validate	Run unit tests	2026-10-08T12:40:17.1022069Z         await asyncio.gather(*(service._evaluate_nfq2_holds("BIYA") for _ in range(1000)))
validate	Run unit tests	2026-10-08T12:40:17.1022698Z >       assert asyncio.get_running_loop().time() - start < 0.05
validate	Run unit tests	2026-10-08T12:40:17.1023160Z E       assert (585.969550872 - 585.132082554) < 0.05
validate	Run unit tests	2026-10-08T12:40:17.1023574Z E        +  where 585.969550872 = time()
validate	Run unit tests	2026-10-08T12:40:17.1024193Z E        +    where time = <_UnixSelectorEventLoop running=True closed=False debug=False>.time
validate	Run unit tests	2026-10-08T12:40:17.1025152Z E        +      where <_UnixSelectorEventLoop running=True closed=False debug=False> = <built-in function get_running_loop>()
validate	Run unit tests	2026-10-08T12:40:17.1026126Z E        +        where <built-in function get_running_loop> = asyncio.get_running_loop
validate	Run unit tests	2026-10-08T12:40:17.1026523Z 
validate	Run unit tests	2026-10-08T12:40:17.1026720Z tests/unit/test_nfq2_tick_path.py:134: AssertionError
validate	Run unit tests	2026-10-08T12:40:17.1027248Z ----------------------------- Captured stdout call -----------------------------
validate	Run unit tests	2026-10-08T12:40:17.1028620Z 2026-10-08 12:32:41,563 INFO [oms-risk] [OMS-NFQ2] symbol=BIYA account=paper:schwab_1m_v2 slot=d585906e-7867-515b-9524-a1ea3a6b5a2b outcome=held_no_fresh_quote reason=held ask=None cache_age_ms=None source=none timestamp=None
validate	Run unit tests	2026-10-08T12:40:17.1029912Z ------------------------------ Captured log call -------------------------------
validate	Run unit tests	2026-10-08T12:40:17.1031162Z INFO     oms-risk:eh_fresh_price.py:130 [OMS-NFQ2] symbol=BIYA account=paper:schwab_1m_v2 slot=d585906e-7867-515b-9524-a1ea3a6b5a2b outcome=held_no_fresh_quote reason=held ask=None cache_age_ms=None source=none timestamp=None
validate	Run unit tests	2026-10-08T12:40:17.1032333Z =============================== warnings summary ===============================
validate	Run unit tests	2026-10-08T12:40:17.1033022Z ../../../../../opt/hostedtoolcache/Python/3.12.14/x64/lib/python3.12/site-packages/fastapi/testclient.py:1
validate	Run unit tests	2026-10-08T12:40:17.1034161Z   /opt/hostedtoolcache/Python/3.12.14/x64/lib/python3.12/site-packages/fastapi/testclient.py:1: StarletteDeprecationWarning: Using `httpx` with `starlette.testclient` is deprecated; install `httpx2` instead.
validate	Run unit tests	2026-10-08T12:40:17.1035266Z     from starlette.testclient import TestClient as TestClient  # noqa
validate	Run unit tests	2026-10-08T12:40:17.1035626Z 
validate	Run unit tests	2026-10-08T12:40:17.1035794Z tests/unit/test_control_plane.py: 458 warnings
validate	Run unit tests	2026-10-08T12:40:17.1036217Z tests/unit/test_mompage1.py: 48 warnings
validate	Run unit tests	2026-10-08T12:40:17.1037549Z   /opt/hostedtoolcache/Python/3.12.14/x64/lib/python3.12/site-packages/sqlalchemy/engine/default.py:1192: DeprecationWarning: The default datetime adapter is deprecated as of Python 3.12; see the sqlite3 documentation for suggested replacement recipes
validate	Run unit tests	2026-10-08T12:40:17.1039310Z     cursor.execute(statement, parameters)
validate	Run unit tests	2026-10-08T12:40:17.1039617Z 
validate	Run unit tests	2026-10-08T12:40:17.1040124Z tests/unit/test_momentum_paper_service.py::test_persisted_session_is_reused_without_a_rest_backfill
validate	Run unit tests	2026-10-08T12:40:17.1041090Z tests/unit/test_momentum_paper_service.py::test_restart_marks_an_interrupted_forward_path_unanswerable
validate	Run unit tests	2026-10-08T12:40:17.1042813Z   /home/runner/work/project-mai-tai/project-mai-tai/src/project_mai_tai/momentum_paper/store.py:75: SAWarning: Column-expression-level unary distinct() should not be used outside of an aggregate function. For general 'SELECT DISTINCT' support use select().distinct().
validate	Run unit tests	2026-10-08T12:40:17.1044316Z     rows = session.scalars(
validate	Run unit tests	2026-10-08T12:40:17.1044535Z 
validate	Run unit tests	2026-10-08T12:40:17.1045029Z -- Docs: https://docs.pytest.org/en/stable/how-to/capture-warnings.html
validate	Run unit tests	2026-10-08T12:40:17.1045645Z =========================== short test summary info ============================
validate	Run unit tests	2026-10-08T12:40:17.1046669Z FAILED tests/unit/test_nfq2_tick_path.py::test_nfq2_slow_save_does_not_stall_loop_and_concurrent_quotes_queue_once - assert (585.969550872 - 585.132082554) < 0.05
validate	Run unit tests	2026-10-08T12:40:17.1047544Z  +  where 585.969550872 = time()
validate	Run unit tests	2026-10-08T12:40:17.1048291Z  +    where time = <_UnixSelectorEventLoop running=True closed=False debug=False>.time
validate	Run unit tests	2026-10-08T12:40:17.1049228Z  +      where <_UnixSelectorEventLoop running=True closed=False debug=False> = <built-in function get_running_loop>()
validate	Run unit tests	2026-10-08T12:40:17.1050112Z  +        where <built-in function get_running_loop> = asyncio.get_running_loop
validate	Run unit tests	2026-10-08T12:40:17.1050801Z ===== 1 failed, 7681 passed, 55 skipped, 509 warnings in 776.12s (0:12:56) =====
validate	Run unit tests	2026-10-08T12:40:20.2471786Z ##[error]Process completed with exit code 1.
