validate	Run unit tests	﻿2026-10-08T12:27:05.4071281Z ##[group]Run python -m pytest -p no:cacheprovider tests/unit
validate	Run unit tests	2026-10-08T12:27:05.4072001Z ^[[36;1mpython -m pytest -p no:cacheprovider tests/unit^[[0m
validate	Run unit tests	2026-10-08T12:27:05.4109537Z shell: /usr/bin/bash -e {0}
validate	Run unit tests	2026-10-08T12:27:05.4109846Z env:
validate	Run unit tests	2026-10-08T12:27:05.4110138Z   pythonLocation: /opt/hostedtoolcache/Python/3.12.14/x64
validate	Run unit tests	2026-10-08T12:27:05.4110596Z   PKG_CONFIG_PATH: /opt/hostedtoolcache/Python/3.12.14/x64/lib/pkgconfig
validate	Run unit tests	2026-10-08T12:27:05.4111076Z   Python_ROOT_DIR: /opt/hostedtoolcache/Python/3.12.14/x64
validate	Run unit tests	2026-10-08T12:27:05.4111467Z   Python2_ROOT_DIR: /opt/hostedtoolcache/Python/3.12.14/x64
validate	Run unit tests	2026-10-08T12:27:05.4112004Z   Python3_ROOT_DIR: /opt/hostedtoolcache/Python/3.12.14/x64
validate	Run unit tests	2026-10-08T12:27:05.4112412Z   LD_LIBRARY_PATH: /opt/hostedtoolcache/Python/3.12.14/x64/lib
validate	Run unit tests	2026-10-08T12:27:05.4112815Z ##[endgroup]
validate	Run unit tests	2026-10-08T12:27:22.9440029Z ============================= test session starts ==============================
validate	Run unit tests	2026-10-08T12:27:22.9440844Z platform linux -- Python 3.12.14, pytest-8.4.2, pluggy-1.6.0
validate	Run unit tests	2026-10-08T12:27:22.9441461Z rootdir: /home/runner/work/project-mai-tai/project-mai-tai
validate	Run unit tests	2026-10-08T12:27:22.9442141Z configfile: pyproject.toml
validate	Run unit tests	2026-10-08T12:27:22.9442523Z plugins: platformdirs-4.12.4, asyncio-0.26.0, anyio-4.15.1
validate	Run unit tests	2026-10-08T12:27:22.9443049Z asyncio: mode=Mode.STRICT, asyncio_default_fixture_loop_scope=None, asyncio_default_test_loop_scope=function
validate	Run unit tests	2026-10-08T12:27:22.9443565Z collected 7737 items
validate	Run unit tests	2026-10-08T12:27:22.9443707Z 
validate	Run unit tests	2026-10-08T12:27:22.9685072Z tests/unit/test_actual_resting_operator_rule.py .....................    [  0%]
validate	Run unit tests	2026-10-08T12:27:23.5336598Z tests/unit/test_alert_transition_wrappers.py ......                      [  0%]
validate	Run unit tests	2026-10-08T12:27:27.5497428Z tests/unit/test_all_on_pm.py .........................................   [  0%]
validate	Run unit tests	2026-10-08T12:27:27.6413415Z tests/unit/test_alpaca_adapter.py ..........                             [  1%]
validate	Run unit tests	2026-10-08T12:27:27.6644100Z tests/unit/test_armed_segments_check.py ................................ [  1%]
validate	Run unit tests	2026-10-08T12:27:27.6693581Z ......                                                                   [  1%]
validate	Run unit tests	2026-10-08T12:27:27.6989706Z tests/unit/test_armed_segments_cron.py ...                               [  1%]
validate	Run unit tests	2026-10-08T12:27:27.8998862Z tests/unit/test_armed_segments_schedule_install.py ...                   [  1%]
validate	Run unit tests	2026-10-08T12:27:27.9014681Z tests/unit/test_atr_oracle_landed.py ..                                  [  1%]
validate	Run unit tests	2026-10-08T12:27:27.9140350Z tests/unit/test_audit_live_locked_drift.py .......................       [  1%]
validate	Run unit tests	2026-10-08T12:27:27.9166031Z tests/unit/test_backfill_polygon_trades.py .....                         [  1%]
validate	Run unit tests	2026-10-08T12:27:28.5152909Z tests/unit/test_backtest_replay.py ..................................... [  2%]
validate	Run unit tests	2026-10-08T12:27:28.5155320Z                                                                          [  2%]
validate	Run unit tests	2026-10-08T12:27:28.5263958Z tests/unit/test_bot_handoff_restore_seed.py .                            [  2%]
validate	Run unit tests	2026-10-08T12:27:28.5292425Z tests/unit/test_bot_open_positions_fanout_legs.py ......                 [  2%]
validate	Run unit tests	2026-10-08T12:27:28.5351180Z tests/unit/test_broker_ab_report.py ..............                       [  2%]
validate	Run unit tests	2026-10-08T12:27:28.5737187Z tests/unit/test_broker_order_event_source.py .....................       [  2%]
validate	Run unit tests	2026-10-08T12:27:28.5810711Z tests/unit/test_broker_refusal.py ................                       [  3%]
validate	Run unit tests	2026-10-08T12:27:28.5832139Z tests/unit/test_catalyst_engine.py ...                                   [  3%]
validate	Run unit tests	2026-10-08T12:27:28.6744719Z tests/unit/test_clearwait1_removed_wait.py ............................. [  3%]
validate	Run unit tests	2026-10-08T12:27:29.2966894Z ..........................................................               [  4%]
validate	Run unit tests	2026-10-08T12:27:29.7499016Z tests/unit/test_coldstart1_subscriptions.py ............................ [  4%]
validate	Run unit tests	2026-10-08T12:27:30.1581078Z ...............................                                          [  5%]
validate	Run unit tests	2026-10-08T12:27:30.1688683Z tests/unit/test_collect_deploy_evidence.py ..                            [  5%]
validate	Run unit tests	2026-10-08T12:27:30.2949414Z tests/unit/test_commit_agent_marker_hook.py ......                       [  5%]
validate	Run unit tests	2026-10-08T12:27:30.3104126Z tests/unit/test_compare_tos_modified_atr.py ............                 [  5%]
validate	Run unit tests	2026-10-08T12:27:30.9454583Z tests/unit/test_confirmation_exit.py .............................       [  5%]
validate	Run unit tests	2026-10-08T12:27:32.8447131Z tests/unit/test_confirmation_exit_fanout.py ............................ [  6%]
validate	Run unit tests	2026-10-08T12:27:35.7720061Z ..........................................                               [  6%]
validate	Run unit tests	2026-10-08T12:27:38.4307243Z tests/unit/test_control_plane.py ....................................... [  7%]
validate	Run unit tests	2026-10-08T12:27:43.5170478Z ..............................................................           [  7%]
validate	Run unit tests	2026-10-08T12:27:43.5182913Z tests/unit/test_control_plane_listening_status.py ..                     [  7%]
validate	Run unit tests	2026-10-08T12:27:43.5228557Z tests/unit/test_cw_exit.py ...........                                   [  8%]
validate	Run unit tests	2026-10-08T12:27:44.7381918Z tests/unit/test_cw_target_stay_release.py .............................. [  8%]
validate	Run unit tests	2026-10-08T12:27:44.9365076Z .....                                                                    [  8%]
validate	Run unit tests	2026-10-08T12:27:44.9400654Z tests/unit/test_dashboard_snapshot_order_index.py ...                    [  8%]
validate	Run unit tests	2026-10-08T12:27:44.9667992Z tests/unit/test_decision_layer.py ...................................... [  9%]
validate	Run unit tests	2026-10-08T12:27:44.9950756Z .................................                                        [  9%]
validate	Run unit tests	2026-10-08T12:27:44.9964949Z tests/unit/test_deploy_main_fenced.py ..                                 [  9%]
validate	Run unit tests	2026-10-08T12:27:45.1019979Z tests/unit/test_deploy_oms_restart_preflight.py ......                   [  9%]
validate	Run unit tests	2026-10-08T12:27:45.7830821Z tests/unit/test_deploy_oms_strategy_authorized.py ...................... [  9%]
validate	Run unit tests	2026-10-08T12:27:45.9427028Z ...                                                                      [  9%]
validate	Run unit tests	2026-10-08T12:27:48.5026624Z tests/unit/test_deploy_preflight.py .....................                [ 10%]
validate	Run unit tests	2026-10-08T12:27:48.5080476Z tests/unit/test_dot_entry_rows.py ............                           [ 10%]
validate	Run unit tests	2026-10-08T12:27:48.7114643Z tests/unit/test_entry_gate.py .......................                    [ 10%]
validate	Run unit tests	2026-10-08T12:27:48.7467785Z tests/unit/test_env_default_drift.py ....                                [ 10%]
validate	Run unit tests	2026-10-08T12:27:48.7727840Z tests/unit/test_eod_counts.py ....................                       [ 10%]
validate	Run unit tests	2026-10-08T12:27:49.2322047Z tests/unit/test_eod_cron_adoption.py ........                            [ 11%]
validate	Run unit tests	2026-10-08T12:27:49.2426048Z tests/unit/test_exit_logic_cw.py .....                                   [ 11%]
validate	Run unit tests	2026-10-08T12:27:49.2576224Z tests/unit/test_exit_logic_parity.py ...                                 [ 11%]
validate	Run unit tests	2026-10-08T12:27:51.9645536Z tests/unit/test_exit_reservation_release.py ............................ [ 11%]
validate	Run unit tests	2026-10-08T12:27:51.9818008Z ........                                                                 [ 11%]
validate	Run unit tests	2026-10-08T12:27:52.0323079Z tests/unit/test_expected_flags_check.py ................................ [ 12%]
validate	Run unit tests	2026-10-08T12:27:52.0536772Z ........................                                                 [ 12%]
validate	Run unit tests	2026-10-08T12:27:52.0639664Z tests/unit/test_fanout_identity_acceptance.py ..................         [ 12%]
validate	Run unit tests	2026-10-08T12:27:52.3972492Z tests/unit/test_fanout_identity_increment.py ............                [ 12%]
validate	Run unit tests	2026-10-08T12:27:52.4045026Z tests/unit/test_fanout_outcome_acceptance.py ..........                  [ 12%]
validate	Run unit tests	2026-10-08T12:27:52.5048874Z tests/unit/test_fanout_outcome_acceptance_schedule.py .................. [ 13%]
validate	Run unit tests	2026-10-08T12:27:59.2079576Z ........................................................................ [ 14%]
validate	Run unit tests	2026-10-08T12:28:03.4234925Z ............................                                             [ 14%]
validate	Run unit tests	2026-10-08T12:28:03.5670494Z tests/unit/test_fanout_outcome_consumer.py .................             [ 14%]
validate	Run unit tests	2026-10-08T12:28:03.6480849Z tests/unit/test_fanout_outcome_integration.py ...                        [ 14%]
validate	Run unit tests	2026-10-08T12:28:03.6515305Z tests/unit/test_fanout_pair_identity_acceptance.py .......               [ 14%]
validate	Run unit tests	2026-10-08T12:28:03.6715327Z tests/unit/test_fanout_segment_store.py ...                              [ 14%]
validate	Run unit tests	2026-10-08T12:28:03.6731079Z tests/unit/test_feed_retention.py ...                                    [ 14%]
validate	Run unit tests	2026-10-08T12:28:03.6790892Z tests/unit/test_field_acceptance.py ............                         [ 15%]
validate	Run unit tests	2026-10-08T12:28:03.7107574Z tests/unit/test_field_acceptance_shell.py .....                          [ 15%]
validate	Run unit tests	2026-10-08T12:28:03.7562547Z tests/unit/test_fleet_health.py ........................................ [ 15%]
validate	Run unit tests	2026-10-08T12:28:03.7594336Z .......                                                                  [ 15%]
validate	Run unit tests	2026-10-08T12:28:03.7619957Z tests/unit/test_fleet_health_bar_continuity.py ......                    [ 15%]
validate	Run unit tests	2026-10-08T12:28:04.3444044Z tests/unit/test_fleet_health_cron.py ..............                      [ 15%]
validate	Run unit tests	2026-10-08T12:28:04.6061219Z tests/unit/test_gapline1.py ...............                              [ 16%]
validate	Run unit tests	2026-10-08T12:28:04.8977192Z tests/unit/test_gapline1_recorded.py ss....s.s...................s...s.. [ 16%]
validate	Run unit tests	2026-10-08T12:28:05.3454522Z ...s..ss..s.sss.....sss..ssss.........s.s.ssss....s.ss..ss.s....sss....s [ 17%]
validate	Run unit tests	2026-10-08T12:28:05.6370228Z .ss.sssssssssssssssss.......                                             [ 17%]
validate	Run unit tests	2026-10-08T12:28:05.6399624Z tests/unit/test_gate1_shape_watch.py .......                             [ 17%]
validate	Run unit tests	2026-10-08T12:28:07.1879326Z tests/unit/test_gate1_shape_watch_cron.py ......................         [ 18%]
validate	Run unit tests	2026-10-08T12:28:07.1903034Z tests/unit/test_gather_polygon_universe.py .....                         [ 18%]
validate	Run unit tests	2026-10-08T12:28:07.1994141Z tests/unit/test_handoff_log_corrections.py ...                           [ 18%]
validate	Run unit tests	2026-10-08T12:28:07.2203335Z tests/unit/test_healthlatch1.py .......                                  [ 18%]
validate	Run unit tests	2026-10-08T12:28:07.2226748Z tests/unit/test_historical_bar_seed_order.py ...                         [ 18%]
validate	Run unit tests	2026-10-08T12:28:12.9067574Z tests/unit/test_hotfix1_symbol_tick_cache.py ........................... [ 18%]
validate	Run unit tests	2026-10-08T12:30:15.4161337Z ..........                                                               [ 18%]
validate	Run unit tests	2026-10-08T12:30:15.6576321Z tests/unit/test_install_deploy_gate_tools.py .....                       [ 19%]
validate	Run unit tests	2026-10-08T12:30:15.6663587Z tests/unit/test_install_eod_counts.py ....                               [ 19%]
validate	Run unit tests	2026-10-08T12:30:16.0593311Z tests/unit/test_keeprest1.py ........................................... [ 19%]
validate	Run unit tests	2026-10-08T12:30:16.0783474Z ..                                                                       [ 19%]
validate	Run unit tests	2026-10-08T12:30:16.1812355Z tests/unit/test_keeprest1_mutations.py ........                          [ 19%]
validate	Run unit tests	2026-10-08T12:30:16.1922479Z tests/unit/test_known_defect_regression_watch.py ....................... [ 20%]
validate	Run unit tests	2026-10-08T12:30:16.3410465Z .......................................................................  [ 20%]
validate	Run unit tests	2026-10-08T12:30:16.3785900Z tests/unit/test_line_chart_restoration.py ............                   [ 21%]
validate	Run unit tests	2026-10-08T12:30:16.7426229Z tests/unit/test_line_chart_restoration_integration.py .................. [ 21%]
validate	Run unit tests	2026-10-08T12:30:17.9533222Z ..................................                                       [ 21%]
validate	Run unit tests	2026-10-08T12:30:18.2935522Z tests/unit/test_line_restore_acceptance_factory.py ............          [ 21%]
validate	Run unit tests	2026-10-08T12:30:18.3135728Z tests/unit/test_line_restore_r6_assessment.py ...                        [ 22%]
validate	Run unit tests	2026-10-08T12:30:23.9243064Z tests/unit/test_line_restore_r6_spanning.py ..................           [ 22%]
validate	Run unit tests	2026-10-08T12:30:23.9356197Z tests/unit/test_linesrc1_anchored_session_poll.py ...................... [ 22%]
validate	Run unit tests	2026-10-08T12:30:24.5392313Z ........................................................................ [ 23%]
validate	Run unit tests	2026-10-08T12:30:24.6538294Z ..............                                                           [ 23%]
validate	Run unit tests	2026-10-08T12:30:27.9408694Z tests/unit/test_linesrc1_event_driven.py ..............................  [ 24%]
validate	Run unit tests	2026-10-08T12:30:28.2462955Z tests/unit/test_linesrc1_review_regressions.py ........                  [ 24%]
validate	Run unit tests	2026-10-08T12:30:28.9389948Z tests/unit/test_live_locked_drift_cron.py .............                  [ 24%]
validate	Run unit tests	2026-10-08T12:30:28.9491989Z tests/unit/test_log_marker_collisions.py ......                          [ 24%]
validate	Run unit tests	2026-10-08T12:30:29.0885274Z tests/unit/test_log_retention_policy.py .....                            [ 24%]
validate	Run unit tests	2026-10-08T12:30:29.3261535Z tests/unit/test_low_priority_alerts.py ........                          [ 24%]
validate	Run unit tests	2026-10-08T12:30:29.3783303Z tests/unit/test_manual_stop_session_scope.py ..                          [ 24%]
validate	Run unit tests	2026-10-08T12:30:29.3984437Z tests/unit/test_marker_census.py .................................       [ 24%]
validate	Run unit tests	2026-10-08T12:30:29.4025224Z tests/unit/test_market_capture.py ......                                 [ 25%]
validate	Run unit tests	2026-10-08T12:30:36.8439639Z tests/unit/test_market_data_gateway.py ................................. [ 25%]
validate	Run unit tests	2026-10-08T12:30:36.8445902Z                                                                          [ 25%]
validate	Run unit tests	2026-10-08T12:30:36.9027456Z tests/unit/test_market_data_heartbeat_redis_reload.py ......             [ 25%]
validate	Run unit tests	2026-10-08T12:30:36.9104137Z tests/unit/test_market_halts.py ..................                       [ 25%]
validate	Run unit tests	2026-10-08T12:30:44.3763883Z tests/unit/test_mirrorhold1_retained_hold.py ........................... [ 26%]
validate	Run unit tests	2026-10-08T12:30:57.0538746Z ..........................................                               [ 26%]
validate	Run unit tests	2026-10-08T12:30:57.3741586Z tests/unit/test_momentum_gateway_handoff.py .......                      [ 26%]
validate	Run unit tests	2026-10-08T12:30:58.3981200Z tests/unit/test_momentum_gateway_throughput.py ......................... [ 27%]
validate	Run unit tests	2026-10-08T12:30:58.3994360Z ..                                                                       [ 27%]
validate	Run unit tests	2026-10-08T12:30:58.4151764Z tests/unit/test_momentum_live_rule_baseline.py ..................        [ 27%]
validate	Run unit tests	2026-10-08T12:30:59.2751012Z tests/unit/test_momentum_option_a.py ............                        [ 27%]
validate	Run unit tests	2026-10-08T12:30:59.2764151Z tests/unit/test_momentum_paper_conditions.py ..                          [ 27%]
validate	Run unit tests	2026-10-08T12:30:59.3012032Z tests/unit/test_momentum_paper_engine.py ............................... [ 27%]
validate	Run unit tests	2026-10-08T12:30:59.3122824Z ............                                                             [ 28%]
validate	Run unit tests	2026-10-08T12:30:59.6069352Z tests/unit/test_momentum_paper_service.py .............................. [ 28%]
validate	Run unit tests	2026-10-08T12:30:59.6717705Z .........                                                                [ 28%]
validate	Run unit tests	2026-10-08T12:31:00.5703549Z tests/unit/test_mompage1.py ...........                                  [ 28%]
validate	Run unit tests	2026-10-08T12:31:02.8043537Z tests/unit/test_nfq1_mirror_fresh_price.py ............................. [ 29%]
validate	Run unit tests	2026-10-08T12:31:07.0463976Z ........................................................................ [ 30%]
validate	Run unit tests	2026-10-08T12:31:07.6313334Z ........                                                                 [ 30%]
validate	Run unit tests	2026-10-08T12:31:10.1427831Z tests/unit/test_nfq2_eh_fresh_price.py ................................. [ 30%]
validate	Run unit tests	2026-10-08T12:31:10.2991556Z ...                                                                      [ 30%]
validate	Run unit tests	2026-10-08T12:32:11.1669093Z tests/unit/test_nfq2_hotfix1_combined_proof.py ..........                [ 30%]
validate	Run unit tests	2026-10-08T12:32:12.9893041Z tests/unit/test_nfq2_recovery_legacy.py ................................ [ 31%]
validate	Run unit tests	2026-10-08T12:32:15.6339585Z ......................................................                   [ 31%]
validate	Run unit tests	2026-10-08T12:32:16.8583780Z tests/unit/test_nfq2_segment_cancel.py ........................          [ 32%]
validate	Run unit tests	2026-10-08T12:32:17.0598517Z tests/unit/test_nfq2_slotclear_composition.py .........                  [ 32%]
validate	Run unit tests	2026-10-08T12:33:18.6456061Z tests/unit/test_nfq2_tick_path.py .....F...                              [ 32%]
validate	Run unit tests	2026-10-08T12:33:24.9007622Z tests/unit/test_no_inert_modules.py ......                               [ 32%]
validate	Run unit tests	2026-10-08T12:33:32.1022427Z tests/unit/test_no_test_reimplements_logic.py ....                       [ 32%]
validate	Run unit tests	2026-10-08T12:33:32.1753709Z tests/unit/test_oco_exit_ownership.py .........                          [ 32%]
validate	Run unit tests	2026-10-08T12:33:32.1830377Z tests/unit/test_oco_target_below_fill.py ..........                      [ 32%]
validate	Run unit tests	2026-10-08T12:33:32.3229187Z tests/unit/test_oms_a2_exit_not_sellable.py .................            [ 33%]
validate	Run unit tests	2026-10-08T12:33:32.8827136Z tests/unit/test_oms_cancel_dead_target_bound.py .....                    [ 33%]
validate	Run unit tests	2026-10-08T12:33:32.8867193Z tests/unit/test_oms_cancel_intent_terminal.py ......                     [ 33%]
validate	Run unit tests	2026-10-08T12:33:32.9199349Z tests/unit/test_oms_cancel_verify.py .............                       [ 33%]
validate	Run unit tests	2026-10-08T12:33:33.0381845Z tests/unit/test_oms_cw_flip_fanout.py .............                      [ 33%]
validate	Run unit tests	2026-10-08T12:33:33.7808261Z tests/unit/test_oms_direct_cancel_dead_target_bound.py ..............    [ 33%]
validate	Run unit tests	2026-10-08T12:33:33.7851090Z tests/unit/test_oms_exit_fetch_retry.py .......                          [ 33%]
validate	Run unit tests	2026-10-08T12:33:33.7972891Z tests/unit/test_oms_fanout_cap_fixes.py .........                        [ 33%]
validate	Run unit tests	2026-10-08T12:33:33.8069631Z tests/unit/test_oms_fanout_mirror_latency.py .....                       [ 33%]
validate	Run unit tests	2026-10-08T12:33:33.8994448Z tests/unit/test_oms_fillable_window.py ....                              [ 33%]
validate	Run unit tests	2026-10-08T12:33:34.0292430Z tests/unit/test_oms_intent_dropped_visibility.py ....                    [ 34%]
validate	Run unit tests	2026-10-08T12:33:34.4029342Z tests/unit/test_oms_intent_refusal_provenance.py ............            [ 34%]
validate	Run unit tests	2026-10-08T12:33:34.6383502Z tests/unit/test_oms_managed_exit_hold.py ............................... [ 34%]
validate	Run unit tests	2026-10-08T12:33:34.6387568Z                                                                          [ 34%]
validate	Run unit tests	2026-10-08T12:33:34.7262917Z tests/unit/test_oms_managed_positions.py ........                        [ 34%]
validate	Run unit tests	2026-10-08T12:33:34.7285223Z tests/unit/test_oms_multi_exit_per_entry.py .....                        [ 34%]
validate	Run unit tests	2026-10-08T12:33:34.8907233Z tests/unit/test_oms_native_oco_stand_down.py ..................          [ 35%]
validate	Run unit tests	2026-10-08T12:33:35.1925625Z tests/unit/test_oms_oco_entry_status_filter.py ...........               [ 35%]
validate	Run unit tests	2026-10-08T12:33:35.1988939Z tests/unit/test_oms_oco_exit_miss_logging.py ......                      [ 35%]
validate	Run unit tests	2026-10-08T12:33:35.2257207Z tests/unit/test_oms_orb_exit_fixes.py .................................. [ 35%]
validate	Run unit tests	2026-10-08T12:33:35.2297057Z .....                                                                    [ 35%]
validate	Run unit tests	2026-10-08T12:33:35.4991868Z tests/unit/test_oms_post_exit_stale_held_retry.py .....                  [ 35%]
validate	Run unit tests	2026-10-08T12:33:36.1812572Z tests/unit/test_oms_resolved_oco_fill_required.py ...............        [ 35%]
validate	Run unit tests	2026-10-08T12:33:36.3489002Z tests/unit/test_oms_restart_while_holding.py ......                      [ 36%]
validate	Run unit tests	2026-10-08T12:33:36.3983373Z tests/unit/test_oms_resting_refresh_throttle.py ......                   [ 36%]
validate	Run unit tests	2026-10-08T12:33:38.9997039Z tests/unit/test_oms_risk_service.py .................................... [ 36%]
validate	Run unit tests	2026-10-08T12:33:41.7492608Z ...................................................................      [ 37%]
validate	Run unit tests	2026-10-08T12:33:41.9315573Z tests/unit/test_oms_rth_edge_bracket.py ....................             [ 37%]
validate	Run unit tests	2026-10-08T12:33:41.9505036Z tests/unit/test_oms_rth_fanout_limit.py ...........                      [ 37%]
validate	Run unit tests	2026-10-08T12:33:42.1462555Z tests/unit/test_oms_schwab_policy_reject.py ...                          [ 37%]
validate	Run unit tests	2026-10-08T12:33:42.2620998Z tests/unit/test_oms_schwab_stop_limit_tick_lift.py ............          [ 38%]
validate	Run unit tests	2026-10-08T12:33:43.3872816Z tests/unit/test_oms_spof_resilience.py ................                  [ 38%]
validate	Run unit tests	2026-10-08T12:33:43.4711123Z tests/unit/test_oms_store.py ...                                         [ 38%]
validate	Run unit tests	2026-10-08T12:33:43.5730306Z tests/unit/test_oms_sync_open_order_rotation.py ..                       [ 38%]
validate	Run unit tests	2026-10-08T12:33:45.9818920Z tests/unit/test_oms_test_clock_policy.py .                               [ 38%]
validate	Run unit tests	2026-10-08T12:33:45.9849060Z tests/unit/test_oms_trailing_stop.py ......                              [ 38%]
validate	Run unit tests	2026-10-08T12:33:46.5010753Z tests/unit/test_oms_v2_eh_reactive_entry.py ...........                  [ 38%]
validate	Run unit tests	2026-10-08T12:33:47.8386226Z tests/unit/test_oms_v2_eh_resting_entry.py ......................        [ 38%]
validate	Run unit tests	2026-10-08T12:33:48.0051580Z tests/unit/test_oms_v2_oco_emit.py ..................                    [ 39%]
validate	Run unit tests	2026-10-08T12:33:48.0089720Z tests/unit/test_oms_v2_phantom_reconcile.py ....                         [ 39%]
validate	Run unit tests	2026-10-08T12:33:48.3163056Z tests/unit/test_oms_v2_rth_reactive_limit.py ............                [ 39%]
validate	Run unit tests	2026-10-08T12:33:48.3305755Z tests/unit/test_oms_webull_late_close_guard.py ........                  [ 39%]
validate	Run unit tests	2026-10-08T12:33:48.4741195Z tests/unit/test_oms_webull_mirror_deferred_resubmit.py ................. [ 39%]
validate	Run unit tests	2026-10-08T12:33:48.5005563Z ...............                                                          [ 39%]
validate	Run unit tests	2026-10-08T12:33:48.5247994Z tests/unit/test_option_a_inactive_control.py ........                    [ 39%]
validate	Run unit tests	2026-10-08T12:33:48.5325513Z tests/unit/test_option_a_treatment_1008_sampler.py .......               [ 40%]
validate	Run unit tests	2026-10-08T12:33:48.5564444Z tests/unit/test_option_a_treatment_guard.py ............................ [ 40%]
validate	Run unit tests	2026-10-08T12:33:48.5758059Z ..............                                                           [ 40%]
validate	Run unit tests	2026-10-08T12:33:48.5773206Z tests/unit/test_orb_completed_macd_gate.py ..                            [ 40%]
validate	Run unit tests	2026-10-08T12:33:48.8212553Z tests/unit/test_orb_consume_loop.py ....                                 [ 40%]
validate	Run unit tests	2026-10-08T12:33:48.8576014Z tests/unit/test_orb_day_roll.py ....                                     [ 40%]
validate	Run unit tests	2026-10-08T12:33:48.8610765Z tests/unit/test_orb_entry.py ......                                      [ 40%]
validate	Run unit tests	2026-10-08T12:33:48.8664173Z tests/unit/test_orb_exit_ladder_comparison.py ...........                [ 40%]
validate	Run unit tests	2026-10-08T12:33:48.9965667Z tests/unit/test_orb_fixed_resting.py ..............                      [ 41%]
validate	Run unit tests	2026-10-08T12:33:48.9995225Z tests/unit/test_orb_flat_five_stop_sweep.py ......                       [ 41%]
validate	Run unit tests	2026-10-08T12:33:49.0022644Z tests/unit/test_orb_heartbeat.py ....                                    [ 41%]
validate	Run unit tests	2026-10-08T12:33:49.0073267Z tests/unit/test_orb_intrabar.py ............                             [ 41%]
validate	Run unit tests	2026-10-08T12:33:49.0149159Z tests/unit/test_orb_momentum_turn_report.py .......                      [ 41%]
validate	Run unit tests	2026-10-08T12:33:49.0328509Z tests/unit/test_orb_oms_quote_priced_entry.py ..                         [ 41%]
validate	Run unit tests	2026-10-08T12:33:49.0456398Z tests/unit/test_orb_operator_filter_census.py ........................   [ 41%]
validate	Run unit tests	2026-10-08T12:33:49.2032180Z tests/unit/test_orb_paper_boundary.py .................                  [ 42%]
validate	Run unit tests	2026-10-08T12:33:49.3169856Z tests/unit/test_orb_paper_entry_gates.py ............                    [ 42%]
validate	Run unit tests	2026-10-08T12:33:49.3279686Z tests/unit/test_orb_paper_environment.py ....                            [ 42%]
validate	Run unit tests	2026-10-08T12:33:49.4697448Z tests/unit/test_orb_paper_lifecycle.py .................                 [ 42%]
validate	Run unit tests	2026-10-08T12:33:49.5332974Z tests/unit/test_orb_phantom.py .....                                     [ 42%]
validate	Run unit tests	2026-10-08T12:33:49.5374400Z tests/unit/test_orb_raw_price_walk.py .........                          [ 42%]
validate	Run unit tests	2026-10-08T12:33:49.5997242Z tests/unit/test_orb_reclaim.py .......                                   [ 42%]
validate	Run unit tests	2026-10-08T12:33:49.7139740Z tests/unit/test_orb_running_high.py .............                        [ 42%]
validate	Run unit tests	2026-10-08T12:33:49.7416495Z tests/unit/test_orb_schwab_bracket_plan.py ......                        [ 42%]
validate	Run unit tests	2026-10-08T12:33:49.8285610Z tests/unit/test_orb_schwab_exits.py .........................            [ 43%]
validate	Run unit tests	2026-10-08T12:33:49.8861916Z tests/unit/test_orb_schwab_macd.py ......                                [ 43%]
validate	Run unit tests	2026-10-08T12:33:49.8887565Z tests/unit/test_orb_schwab_open.py .....                                 [ 43%]
validate	Run unit tests	2026-10-08T12:33:52.0867467Z tests/unit/test_orb_schwab_order_route.py .............................. [ 43%]
validate	Run unit tests	2026-10-08T12:33:57.7305637Z ....................................................................     [ 44%]
validate	Run unit tests	2026-10-08T12:33:57.8130655Z tests/unit/test_orb_schwab_replace_adapter.py .........                  [ 44%]
validate	Run unit tests	2026-10-08T12:33:58.1502497Z tests/unit/test_orb_schwab_service.py .................................. [ 45%]
validate	Run unit tests	2026-10-08T12:33:58.3185562Z ...............                                                          [ 45%]
validate	Run unit tests	2026-10-08T12:33:58.3220187Z tests/unit/test_orb_service.py .....                                     [ 45%]
validate	Run unit tests	2026-10-08T12:33:58.3295541Z tests/unit/test_orb_strategy_backtest.py ..............                  [ 45%]
validate	Run unit tests	2026-10-08T12:33:58.3323986Z tests/unit/test_orb_tick_aggregator.py ......                            [ 45%]
validate	Run unit tests	2026-10-08T12:33:58.3577889Z tests/unit/test_orb_webull_routing.py ...                                [ 45%]
validate	Run unit tests	2026-10-08T12:34:00.3998515Z tests/unit/test_orbpurple1_atr_entry.py ...............................  [ 46%]
validate	Run unit tests	2026-10-08T12:34:00.4030260Z tests/unit/test_order_routing.py .......                                 [ 46%]
validate	Run unit tests	2026-10-08T12:34:00.4053587Z tests/unit/test_orphan_order_check.py .....                              [ 46%]
validate	Run unit tests	2026-10-08T12:34:00.4092176Z tests/unit/test_orphan_order_ownership_and_oversell.py .........         [ 46%]
validate	Run unit tests	2026-10-08T12:34:05.5317948Z tests/unit/test_ownmix1_entry_binding.py ............................... [ 46%]
validate	Run unit tests	2026-10-08T12:34:05.7127594Z ....                                                                     [ 46%]
validate	Run unit tests	2026-10-08T12:34:06.0453424Z tests/unit/test_ownmix1_oco_hint.py .......                              [ 47%]
validate	Run unit tests	2026-10-08T12:34:08.6326300Z tests/unit/test_ownmix1_review_followup.py ............................. [ 47%]
validate	Run unit tests	2026-10-08T12:34:12.6727287Z ......                                                                   [ 47%]
validate	Run unit tests	2026-10-08T12:34:12.7153528Z tests/unit/test_p1_v2_paper_routing.py .....                             [ 47%]
validate	Run unit tests	2026-10-08T12:34:12.7480512Z tests/unit/test_paper_exit.py .......................................... [ 48%]
validate	Run unit tests	2026-10-08T12:34:12.9610931Z ................                                                         [ 48%]
validate	Run unit tests	2026-10-08T12:34:12.9670092Z tests/unit/test_phantom_managed_rows.py .............                    [ 48%]
validate	Run unit tests	2026-10-08T12:34:13.2982115Z tests/unit/test_pmprint1_pmflip1.py .................................... [ 48%]
validate	Run unit tests	2026-10-08T12:34:13.7347885Z ..................................                                       [ 49%]
validate	Run unit tests	2026-10-08T12:34:15.9500690Z tests/unit/test_pmprint1_tonight_flags.py ....................           [ 49%]
validate	Run unit tests	2026-10-08T12:34:16.3402649Z tests/unit/test_pmrest1.py ........................................      [ 50%]
validate	Run unit tests	2026-10-08T12:34:16.6705127Z tests/unit/test_polygon_30s_bot.py .............................         [ 50%]
validate	Run unit tests	2026-10-08T12:34:16.6821031Z tests/unit/test_polygon_last_bot_tick.py .                               [ 50%]
validate	Run unit tests	2026-10-08T12:34:16.6853737Z tests/unit/test_post_exit_stale_held_acceptance.py ......                [ 50%]
validate	Run unit tests	2026-10-08T12:34:16.6931080Z tests/unit/test_post_restart_health_gate.py ................             [ 50%]
validate	Run unit tests	2026-10-08T12:34:16.7968437Z tests/unit/test_preopen_restart_evidence_routing.py .................... [ 51%]
validate	Run unit tests	2026-10-08T12:34:16.8038858Z .                                                                        [ 51%]
validate	Run unit tests	2026-10-08T12:34:16.8136611Z tests/unit/test_proximity_sweep.py ...................                   [ 51%]
validate	Run unit tests	2026-10-08T12:34:16.8166499Z tests/unit/test_prune_reconciliation.py .......                          [ 51%]
validate	Run unit tests	2026-10-08T12:34:16.8209471Z tests/unit/test_prune_strategy_bar_history.py ..........                 [ 51%]
validate	Run unit tests	2026-10-08T12:34:16.9090370Z tests/unit/test_reconcile_alert_cron.py ....                             [ 51%]
validate	Run unit tests	2026-10-08T12:34:16.9751829Z tests/unit/test_reconciler_heartbeat_redis_reload.py .......             [ 51%]
validate	Run unit tests	2026-10-08T12:34:17.7175809Z tests/unit/test_reconciliation_service.py ...................            [ 51%]
validate	Run unit tests	2026-10-08T12:34:17.7232908Z tests/unit/test_reconstruct_live_exit_reject_episodes.py ............    [ 52%]
validate	Run unit tests	2026-10-08T12:34:17.7253412Z tests/unit/test_reject_classes.py ....                                   [ 52%]
validate	Run unit tests	2026-10-08T12:34:17.7971971Z tests/unit/test_replay_refusal_wiring.py ...........                     [ 52%]
validate	Run unit tests	2026-10-08T12:34:17.8015618Z tests/unit/test_report_bar_gaps.py ...........                           [ 52%]
validate	Run unit tests	2026-10-08T12:34:19.8297139Z tests/unit/test_reserve1.py ............................................ [ 52%]
validate	Run unit tests	2026-10-08T12:34:19.8303474Z                                                                          [ 52%]
validate	Run unit tests	2026-10-08T12:34:19.8380405Z tests/unit/test_resting_entry_slippage.py ............                   [ 53%]
validate	Run unit tests	2026-10-08T12:34:19.8822931Z tests/unit/test_retain1.py ............................................. [ 53%]
validate	Run unit tests	2026-10-08T12:34:19.9082205Z .................                                                        [ 53%]
validate	Run unit tests	2026-10-08T12:34:19.9117728Z tests/unit/test_retry_one_backtest.py ....                               [ 53%]
validate	Run unit tests	2026-10-08T12:34:20.3590009Z tests/unit/test_retryleft1.py .........................................  [ 54%]
validate	Run unit tests	2026-10-08T12:34:20.5938548Z tests/unit/test_review_pin_audit.py ......                               [ 54%]
validate	Run unit tests	2026-10-08T12:34:21.8220384Z tests/unit/test_review_pin_gate.py .........                             [ 54%]
validate	Run unit tests	2026-10-08T12:34:22.2087320Z tests/unit/test_roundup1.py ............................................ [ 55%]
validate	Run unit tests	2026-10-08T12:34:22.8293428Z ........................................................................ [ 56%]
validate	Run unit tests	2026-10-08T12:34:23.4185535Z ........................................................................ [ 57%]
validate	Run unit tests	2026-10-08T12:34:24.0558718Z ........................................................................ [ 58%]
validate	Run unit tests	2026-10-08T12:34:24.6870725Z ........................................................................ [ 59%]
validate	Run unit tests	2026-10-08T12:34:25.6600929Z ........................................................................ [ 59%]
validate	Run unit tests	2026-10-08T12:34:25.9008075Z ................                                                         [ 60%]
validate	Run unit tests	2026-10-08T12:34:25.9200364Z tests/unit/test_rpg1_buy_readback.py ................................... [ 60%]
validate	Run unit tests	2026-10-08T12:34:25.9570269Z ...............................................                          [ 61%]
validate	Run unit tests	2026-10-08T12:34:26.7896214Z tests/unit/test_rpg1_nfq1_composition.py ........                        [ 61%]
validate	Run unit tests	2026-10-08T12:34:28.0733125Z tests/unit/test_rpg1_pending_first_quote.py ............................ [ 61%]
validate	Run unit tests	2026-10-08T12:34:28.1387529Z .......                                                                  [ 61%]
validate	Run unit tests	2026-10-08T12:34:36.6808688Z tests/unit/test_rpg1_piece3_14.py ....................                   [ 62%]
validate	Run unit tests	2026-10-08T12:34:37.7225571Z tests/unit/test_rpg1_reprice_handoff.py ................................ [ 62%]
validate	Run unit tests	2026-10-08T12:34:38.2432474Z ....                                                                     [ 62%]
validate	Run unit tests	2026-10-08T12:34:44.1830815Z tests/unit/test_rpg1_review_guards.py .........................          [ 62%]
validate	Run unit tests	2026-10-08T12:34:58.3351194Z tests/unit/test_rpg1_runtime.py ........................................ [ 63%]
validate	Run unit tests	2026-10-08T12:35:03.5555369Z ...........                                                              [ 63%]
validate	Run unit tests	2026-10-08T12:35:05.9235166Z tests/unit/test_rpg1_runtime_nfq.py ....                                 [ 63%]
validate	Run unit tests	2026-10-08T12:35:13.3973632Z tests/unit/test_rpgretire1_flag_off.py ................................. [ 63%]
validate	Run unit tests	2026-10-08T12:35:15.9902284Z ............                                                             [ 64%]
validate	Run unit tests	2026-10-08T12:35:25.5360852Z tests/unit/test_rpgstuck1.py ........................................... [ 64%]
validate	Run unit tests	2026-10-08T12:35:45.0744459Z ......................................................                   [ 65%]
validate	Run unit tests	2026-10-08T12:35:58.0885456Z tests/unit/test_rpgstuck1_all_on.py ................................     [ 65%]
validate	Run unit tests	2026-10-08T12:36:02.0669798Z tests/unit/test_rpgstuck1_later_startup.py ........                      [ 65%]
validate	Run unit tests	2026-10-08T12:36:08.0151938Z tests/unit/test_rpgstuck1_loop_liveness.py .....                         [ 65%]
validate	Run unit tests	2026-10-08T12:36:11.5912136Z tests/unit/test_rpgstuck1_restart_clock.py ................              [ 66%]
validate	Run unit tests	2026-10-08T12:36:29.9541099Z tests/unit/test_rpgstuck1_review_completion.py .......................   [ 66%]
validate	Run unit tests	2026-10-08T12:36:32.8120859Z tests/unit/test_rpgstuck1_runtime_exhaustion.py .........                [ 66%]
validate	Run unit tests	2026-10-08T12:36:33.6992772Z tests/unit/test_rpgstuck1_schwab_sequences.py ...                        [ 66%]
validate	Run unit tests	2026-10-08T12:36:42.6496395Z tests/unit/test_rpgstuck1_startup.py ................................... [ 67%]
validate	Run unit tests	2026-10-08T12:36:49.6094483Z ...................                                                      [ 67%]
validate	Run unit tests	2026-10-08T12:36:49.7104162Z tests/unit/test_runner_strategy.py ............                          [ 67%]
validate	Run unit tests	2026-10-08T12:36:49.7353193Z tests/unit/test_runtime_registry.py ...                                  [ 67%]
validate	Run unit tests	2026-10-08T12:36:49.8836563Z tests/unit/test_runtime_seed.py ....                                     [ 67%]
validate	Run unit tests	2026-10-08T12:36:49.9363747Z tests/unit/test_scanner_capture_alert.py .............                   [ 67%]
validate	Run unit tests	2026-10-08T12:36:49.9608827Z tests/unit/test_scanner_confirmed_capture.py ............                [ 67%]
validate	Run unit tests	2026-10-08T12:36:50.0419917Z tests/unit/test_scanner_cycle_history_restore.py ..                      [ 67%]
validate	Run unit tests	2026-10-08T12:36:50.5604675Z tests/unit/test_schwab_1m_bot.py ....................................... [ 68%]
validate	Run unit tests	2026-10-08T12:36:50.5613809Z .                                                                        [ 68%]
validate	Run unit tests	2026-10-08T12:36:50.6337319Z tests/unit/test_schwab_1m_v2_armed_segment_safety.py ........            [ 68%]
validate	Run unit tests	2026-10-08T12:36:50.6743485Z tests/unit/test_schwab_1m_v2_atr_arm_adjacency.py ....                   [ 68%]
validate	Run unit tests	2026-10-08T12:36:50.7439159Z tests/unit/test_schwab_1m_v2_atr_bar_gap.py ......                       [ 68%]
validate	Run unit tests	2026-10-08T12:36:51.0398999Z tests/unit/test_schwab_1m_v2_atr_flip.py .....................           [ 68%]
validate	Run unit tests	2026-10-08T12:36:51.4240191Z tests/unit/test_schwab_1m_v2_bot.py .................................... [ 69%]
validate	Run unit tests	2026-10-08T12:36:51.4974389Z ........                                                                 [ 69%]
validate	Run unit tests	2026-10-08T12:36:51.6469880Z tests/unit/test_schwab_1m_v2_confirmed_window.py ..............          [ 69%]
validate	Run unit tests	2026-10-08T12:36:51.9685246Z tests/unit/test_schwab_1m_v2_cw_v2.py .................................. [ 70%]
validate	Run unit tests	2026-10-08T12:36:51.9688138Z                                                                          [ 70%]
validate	Run unit tests	2026-10-08T12:36:52.0998625Z tests/unit/test_schwab_1m_v2_eh_resting_entry.py ...............         [ 70%]
validate	Run unit tests	2026-10-08T12:36:52.3162642Z tests/unit/test_schwab_1m_v2_eh_stream_cross.py ........................ [ 70%]
validate	Run unit tests	2026-10-08T12:36:52.4919254Z ...................                                                      [ 70%]
validate	Run unit tests	2026-10-08T12:36:52.5373233Z tests/unit/test_schwab_1m_v2_fanout_entry_n.py .....                     [ 70%]
validate	Run unit tests	2026-10-08T12:36:52.6284002Z tests/unit/test_schwab_1m_v2_gap_hold.py ........                        [ 71%]
validate	Run unit tests	2026-10-08T12:36:52.6378151Z tests/unit/test_schwab_1m_v2_gap_hold_prints.py .                        [ 71%]
validate	Run unit tests	2026-10-08T12:36:52.7042817Z tests/unit/test_schwab_1m_v2_hold_confirm.py ......                      [ 71%]
validate	Run unit tests	2026-10-08T12:36:52.8134812Z tests/unit/test_schwab_1m_v2_liquidity_floor_coverage.py ............... [ 71%]
validate	Run unit tests	2026-10-08T12:36:52.8143126Z .                                                                        [ 71%]
validate	Run unit tests	2026-10-08T12:36:54.0793215Z tests/unit/test_schwab_1m_v2_loop_resilience.py .........                [ 71%]
validate	Run unit tests	2026-10-08T12:36:54.1213620Z tests/unit/test_schwab_1m_v2_reactive_eh_guard.py ....                   [ 71%]
validate	Run unit tests	2026-10-08T12:36:54.4248974Z tests/unit/test_schwab_1m_v2_reportable_state.py .........               [ 71%]
validate	Run unit tests	2026-10-08T12:36:54.6634581Z tests/unit/test_schwab_1m_v2_resting_entry.py .......................... [ 71%]
validate	Run unit tests	2026-10-08T12:36:54.6983798Z ....                                                                     [ 71%]
validate	Run unit tests	2026-10-08T12:36:54.8104421Z tests/unit/test_schwab_1m_v2_resting_orphan.py ..........                [ 72%]
validate	Run unit tests	2026-10-08T12:36:54.8377974Z tests/unit/test_schwab_1m_v2_resting_trigger_offset.py ............      [ 72%]
validate	Run unit tests	2026-10-08T12:36:54.9082037Z tests/unit/test_schwab_1m_v2_retry_one_recovery.py ........              [ 72%]
validate	Run unit tests	2026-10-08T12:36:55.0905288Z tests/unit/test_schwab_1m_v2_session_time_roll.py ....................   [ 72%]
validate	Run unit tests	2026-10-08T12:36:55.1923311Z tests/unit/test_schwab_1m_v2_watch_start.py ............                 [ 72%]
validate	Run unit tests	2026-10-08T12:36:55.3272135Z tests/unit/test_schwab_adapter.py ...............                        [ 72%]
validate	Run unit tests	2026-10-08T12:36:55.3484966Z tests/unit/test_schwab_after_hours_stale_halt.py ..                      [ 72%]
validate	Run unit tests	2026-10-08T12:36:55.3883521Z tests/unit/test_schwab_cancel_unconfirmed.py .....                       [ 73%]
validate	Run unit tests	2026-10-08T12:36:55.4740870Z tests/unit/test_schwab_exit_only_oco.py ..........                       [ 73%]
validate	Run unit tests	2026-10-08T12:36:55.5275356Z tests/unit/test_schwab_gap_recovery_guard.py ....                        [ 73%]
validate	Run unit tests	2026-10-08T12:36:55.8162481Z tests/unit/test_schwab_native_bracket.py ............................... [ 73%]
validate	Run unit tests	2026-10-08T12:36:55.8168629Z                                                                          [ 73%]
validate	Run unit tests	2026-10-08T12:36:55.8248804Z tests/unit/test_schwab_native_late_trade_revision.py ...............     [ 73%]
validate	Run unit tests	2026-10-08T12:36:55.8433034Z tests/unit/test_schwab_never_synthesize_flat.py ................         [ 74%]
validate	Run unit tests	2026-10-08T12:36:55.8521162Z tests/unit/test_schwab_oco_child_cancel_probe.py ...                     [ 74%]
validate	Run unit tests	2026-10-08T12:36:55.8835082Z tests/unit/test_schwab_prewarm_and_auth.py ...                           [ 74%]
validate	Run unit tests	2026-10-08T12:36:55.8993574Z tests/unit/test_schwab_refresh_count_check.py ............               [ 74%]
validate	Run unit tests	2026-10-08T12:36:55.9842557Z tests/unit/test_schwab_streamer_chart_grace.py .........                 [ 74%]
validate	Run unit tests	2026-10-08T12:37:01.0175536Z tests/unit/test_schwab_streamer_timesale.py .......                      [ 74%]
validate	Run unit tests	2026-10-08T12:37:01.0333544Z tests/unit/test_schwab_tick_archive.py ..........                        [ 74%]
validate	Run unit tests	2026-10-08T12:37:01.0359432Z tests/unit/test_schwab_token_expiry_check.py ......                      [ 74%]
validate	Run unit tests	2026-10-08T12:37:01.1501487Z tests/unit/test_schwab_token_grant_characterization.py ...........       [ 74%]
validate	Run unit tests	2026-10-08T12:37:01.1620844Z tests/unit/test_schwab_token_manager.py ..............                   [ 75%]
validate	Run unit tests	2026-10-08T12:37:01.3549292Z tests/unit/test_schwab_token_refresher.py .............                  [ 75%]
validate	Run unit tests	2026-10-08T12:37:01.4700088Z tests/unit/test_schwab_v2_tick_capture.py ............                   [ 75%]
validate	Run unit tests	2026-10-08T12:37:01.4865539Z tests/unit/test_seed_exposure_detector.py .............................. [ 75%]
validate	Run unit tests	2026-10-08T12:37:01.4897126Z ......                                                                   [ 75%]
validate	Run unit tests	2026-10-08T12:37:01.5605889Z tests/unit/test_service_db_timeouts.py ......                            [ 75%]
validate	Run unit tests	2026-10-08T12:37:08.7149668Z tests/unit/test_service_source_freshness.py ..............               [ 76%]
validate	Run unit tests	2026-10-08T12:37:08.7170786Z tests/unit/test_simulated_broker_adapter.py ..                           [ 76%]
validate	Run unit tests	2026-10-08T12:37:09.1192750Z tests/unit/test_slotclear1_fresh_flip.py ..............................  [ 76%]
validate	Run unit tests	2026-10-08T12:37:09.4168018Z tests/unit/test_slotclear1_fresh_sell.py ............................... [ 76%]
validate	Run unit tests	2026-10-08T12:37:09.4983520Z ........                                                                 [ 76%]
validate	Run unit tests	2026-10-08T12:37:09.5012474Z tests/unit/test_snapshot_persist_throttle.py ......                      [ 77%]
validate	Run unit tests	2026-10-08T12:37:09.5345278Z tests/unit/test_strategy_core.py ....................................... [ 77%]
validate	Run unit tests	2026-10-08T12:37:09.5513399Z ......................                                                   [ 77%]
validate	Run unit tests	2026-10-08T12:37:09.5520968Z tests/unit/test_strategy_core_cum_vol_fix.py .                           [ 77%]
validate	Run unit tests	2026-10-08T12:37:09.7017217Z tests/unit/test_strategy_engine_main_loop_resilience.py .........        [ 77%]
validate	Run unit tests	2026-10-08T12:37:09.9141438Z tests/unit/test_strategy_engine_service.py ............................. [ 78%]
validate	Run unit tests	2026-10-08T12:37:35.8862862Z ........................................................................ [ 79%]
validate	Run unit tests	2026-10-08T12:37:37.2185894Z ........................................................................ [ 80%]
validate	Run unit tests	2026-10-08T12:37:38.1994430Z ...............................................                          [ 80%]
validate	Run unit tests	2026-10-08T12:37:38.3991154Z tests/unit/test_strategy_persist_offload.py ........                     [ 80%]
validate	Run unit tests	2026-10-08T12:37:38.4158128Z tests/unit/test_study_report.py .......................                  [ 81%]
validate	Run unit tests	2026-10-08T12:37:41.3249299Z tests/unit/test_sync_checkout_only.py ................                   [ 81%]
validate	Run unit tests	2026-10-08T12:37:41.3296913Z tests/unit/test_sync_raise_propagation.py ......                         [ 81%]
validate	Run unit tests	2026-10-08T12:37:48.6473762Z tests/unit/test_t43_olox_cancel_chain.py ............................... [ 81%]
validate	Run unit tests	2026-10-08T12:38:04.3951545Z .................................................................        [ 82%]
validate	Run unit tests	2026-10-08T12:38:18.1980367Z tests/unit/test_t43_one_leg_recovery.py ................................ [ 83%]
validate	Run unit tests	2026-10-08T12:38:40.6573018Z ............                                                             [ 83%]
validate	Run unit tests	2026-10-08T12:38:40.6608992Z tests/unit/test_time_utils.py ........                                   [ 83%]
validate	Run unit tests	2026-10-08T12:38:40.6894790Z tests/unit/test_trade_coach_app.py ....                                  [ 83%]
validate	Run unit tests	2026-10-08T12:38:40.7949447Z tests/unit/test_trade_coach_repository.py ...                            [ 83%]
validate	Run unit tests	2026-10-08T12:38:40.7966451Z tests/unit/test_trade_coach_service.py ...                               [ 83%]
validate	Run unit tests	2026-10-08T12:38:40.8103364Z tests/unit/test_trade_episodes.py .......................                [ 83%]
validate	Run unit tests	2026-10-08T12:38:40.8141032Z tests/unit/test_trade_reasons.py ........                                [ 83%]
validate	Run unit tests	2026-10-08T12:38:40.8219798Z tests/unit/test_trade_recorder.py ...........                            [ 84%]
validate	Run unit tests	2026-10-08T12:38:40.8271140Z tests/unit/test_trade_recorder_day.py .......                            [ 84%]
validate	Run unit tests	2026-10-08T12:38:41.1458428Z tests/unit/test_unattended_upgrade_policy.py ....                        [ 84%]
validate	Run unit tests	2026-10-08T12:38:41.1547768Z tests/unit/test_unexercised_provocations.py ............                 [ 84%]
validate	Run unit tests	2026-10-08T12:38:41.2677487Z tests/unit/test_unexercised_watch.py ................................... [ 84%]
validate	Run unit tests	2026-10-08T12:38:41.3116141Z ....................                                                     [ 85%]
validate	Run unit tests	2026-10-08T12:38:41.3340718Z tests/unit/test_unexercised_watch_pager_hours_close.py ................. [ 85%]
validate	Run unit tests	2026-10-08T12:38:41.7685815Z .....................                                                    [ 85%]
validate	Run unit tests	2026-10-08T12:38:41.8649930Z tests/unit/test_v2_0831_replay.py ..........                             [ 85%]
validate	Run unit tests	2026-10-08T12:38:42.0415422Z tests/unit/test_v2_arm_lifecycle.py ....................                 [ 85%]
validate	Run unit tests	2026-10-08T12:38:42.2882830Z tests/unit/test_v2_atr_massive_seed.py ..............                    [ 86%]
validate	Run unit tests	2026-10-08T12:38:42.2960784Z tests/unit/test_v2_atr_massive_seed_installer.py ...                     [ 86%]
validate	Run unit tests	2026-10-08T12:38:42.3078733Z tests/unit/test_v2_atr_sell_observation.py ....                          [ 86%]
validate	Run unit tests	2026-10-08T12:38:42.3267244Z tests/unit/test_v2_atr_short_flip_stamp.py ..                            [ 86%]
validate	Run unit tests	2026-10-08T12:38:42.5895389Z tests/unit/test_v2_boot_restoration_guard.py ........................... [ 86%]
validate	Run unit tests	2026-10-08T12:38:42.7282794Z .............                                                            [ 86%]
validate	Run unit tests	2026-10-08T12:38:42.7321038Z tests/unit/test_v2_cw_disarm_line.py .....                               [ 86%]
validate	Run unit tests	2026-10-08T12:38:44.5294889Z tests/unit/test_v2_cw_managed_exit.py .................................. [ 87%]
validate	Run unit tests	2026-10-08T12:38:44.7286533Z ....                                                                     [ 87%]
validate	Run unit tests	2026-10-08T12:38:44.7557651Z tests/unit/test_v2_db_seed_calendar_lookup.py .......................... [ 87%]
validate	Run unit tests	2026-10-08T12:38:44.7568766Z .                                                                        [ 87%]
validate	Run unit tests	2026-10-08T12:38:44.7754681Z tests/unit/test_v2_db_seed_gap_truncation.py .......................     [ 87%]
validate	Run unit tests	2026-10-08T12:38:44.9675654Z tests/unit/test_v2_db_seed_warmup.py ........                            [ 88%]
validate	Run unit tests	2026-10-08T12:38:45.1715514Z tests/unit/test_v2_dual_broker_fanout.py ............................... [ 88%]
validate	Run unit tests	2026-10-08T12:38:45.2823704Z .............                                                            [ 88%]
validate	Run unit tests	2026-10-08T12:38:45.2944586Z tests/unit/test_v2_entry_composition_slot.py ...                         [ 88%]
validate	Run unit tests	2026-10-08T12:38:45.2968130Z tests/unit/test_v2_entry_fix_watch.py .....                              [ 88%]
validate	Run unit tests	2026-10-08T12:38:45.5134705Z tests/unit/test_v2_entry_sizing.py ...............................       [ 89%]
validate	Run unit tests	2026-10-08T12:38:45.5932116Z tests/unit/test_v2_entry_window.py .........                             [ 89%]
validate	Run unit tests	2026-10-08T12:38:47.4109005Z tests/unit/test_v2_eod_cancel_reexit.py ......................           [ 89%]
validate	Run unit tests	2026-10-08T12:38:48.1482834Z tests/unit/test_v2_eod_oco_transition.py ..................              [ 89%]
validate	Run unit tests	2026-10-08T12:38:48.2715403Z tests/unit/test_v2_exit_paper_isolation.py .....                         [ 89%]
validate	Run unit tests	2026-10-08T12:38:48.3186190Z tests/unit/test_v2_exit_retry_bound.py .........................         [ 90%]
validate	Run unit tests	2026-10-08T12:38:48.3661317Z tests/unit/test_v2_extended_hours_routing.py .....                       [ 90%]
validate	Run unit tests	2026-10-08T12:38:48.3819709Z tests/unit/test_v2_fanout_claim_expiry.py .......                        [ 90%]
validate	Run unit tests	2026-10-08T12:38:48.4562957Z tests/unit/test_v2_fanout_mirror_cross_observation.py ........           [ 90%]
validate	Run unit tests	2026-10-08T12:38:48.4786507Z tests/unit/test_v2_fanout_on_fill.py .........                           [ 90%]
validate	Run unit tests	2026-10-08T12:38:48.5902146Z tests/unit/test_v2_fanout_once_per_flip.py .....                         [ 90%]
validate	Run unit tests	2026-10-08T12:38:48.6549713Z tests/unit/test_v2_fanout_segment_attribution.py .......                 [ 90%]
validate	Run unit tests	2026-10-08T12:38:48.7488271Z tests/unit/test_v2_fanout_suppression_marker.py .........                [ 90%]
validate	Run unit tests	2026-10-08T12:38:48.8204933Z tests/unit/test_v2_fanout_zero_hold_mirror_scope.py ......               [ 90%]
validate	Run unit tests	2026-10-08T12:38:49.2693370Z tests/unit/test_v2_flip_entry_ownership_store.py ....................... [ 91%]
validate	Run unit tests	2026-10-08T12:38:49.2837005Z .                                                                        [ 91%]
validate	Run unit tests	2026-10-08T12:38:49.5541093Z tests/unit/test_v2_flip_owned_first_entry.py ........................... [ 91%]
validate	Run unit tests	2026-10-08T12:38:49.9197145Z ....................................                                     [ 92%]
validate	Run unit tests	2026-10-08T12:38:49.9767300Z tests/unit/test_v2_g01_ncra_0831_replay.py ......                        [ 92%]
validate	Run unit tests	2026-10-08T12:38:50.0244571Z tests/unit/test_v2_gateway_subscription.py .....                         [ 92%]
validate	Run unit tests	2026-10-08T12:38:50.0859930Z tests/unit/test_v2_held_symbol_exit_coverage.py .........                [ 92%]
validate	Run unit tests	2026-10-08T12:38:51.8008902Z tests/unit/test_v2_managed_exit.py ..................................... [ 92%]
validate	Run unit tests	2026-10-08T12:39:05.8282792Z ...........                                                              [ 92%]
validate	Run unit tests	2026-10-08T12:39:05.8321882Z tests/unit/test_v2_oco_emit_account_scoped.py ...                        [ 92%]
validate	Run unit tests	2026-10-08T12:39:06.4984948Z tests/unit/test_v2_overnight_flatten.py ...............                  [ 93%]
validate	Run unit tests	2026-10-08T12:39:06.5005381Z tests/unit/test_v2_post_roll_joiner_seed_cap.py ...                      [ 93%]
validate	Run unit tests	2026-10-08T12:39:06.9099195Z tests/unit/test_v2_premarket_position_across_open.py .........           [ 93%]
validate	Run unit tests	2026-10-08T12:39:07.1636202Z tests/unit/test_v2_reclaim_resting_entry.py ............................ [ 93%]
validate	Run unit tests	2026-10-08T12:39:07.2293274Z ........                                                                 [ 93%]
validate	Run unit tests	2026-10-08T12:39:07.2747561Z tests/unit/test_v2_reference_price.py ...                                [ 93%]
validate	Run unit tests	2026-10-08T12:39:07.2950791Z tests/unit/test_v2_restart_evidence.py ................................. [ 94%]
validate	Run unit tests	2026-10-08T12:39:07.3932020Z ....................................................................     [ 95%]
validate	Run unit tests	2026-10-08T12:39:07.3994071Z tests/unit/test_v2_resting_cancel_rth_placed.py .......                  [ 95%]
validate	Run unit tests	2026-10-08T12:39:07.4117238Z tests/unit/test_v2_resting_reason_never_claims_a_fill.py ......          [ 95%]
validate	Run unit tests	2026-10-08T12:39:07.7250615Z tests/unit/test_v2_retry_one.py ...........................              [ 95%]
validate	Run unit tests	2026-10-08T12:39:07.9849082Z tests/unit/test_v2_rule7_block_instrumented.py .........                 [ 95%]
validate	Run unit tests	2026-10-08T12:39:08.0572517Z tests/unit/test_v2_slot_consumption_on_fill.py ........                  [ 95%]
validate	Run unit tests	2026-10-08T12:39:08.0833754Z tests/unit/test_v2_webull_resting_mirror.py ...............              [ 96%]
validate	Run unit tests	2026-10-08T12:39:08.0859529Z tests/unit/test_virtual_clear_missing_updated_at.py ....                 [ 96%]
validate	Run unit tests	2026-10-08T12:39:08.1268769Z tests/unit/test_webull_adapter.py ...................................... [ 96%]
validate	Run unit tests	2026-10-08T12:39:08.3541741Z ................................................................         [ 97%]
validate	Run unit tests	2026-10-08T12:39:08.3922756Z tests/unit/test_webull_attach_protection.py ..........................   [ 97%]
validate	Run unit tests	2026-10-08T12:39:08.3967782Z tests/unit/test_webull_attach_report_seam.py ....                        [ 97%]
validate	Run unit tests	2026-10-08T12:39:08.4040275Z tests/unit/test_webull_exit_pair_session.py .........                    [ 97%]
validate	Run unit tests	2026-10-08T12:39:09.5534643Z tests/unit/test_webull_hard_stop_floor_shared_path.py .................. [ 98%]
validate	Run unit tests	2026-10-08T12:39:10.0928838Z ..........                                                               [ 98%]
validate	Run unit tests	2026-10-08T12:39:10.7287908Z tests/unit/test_webull_list_primary.py ................................. [ 98%]
validate	Run unit tests	2026-10-08T12:39:10.7950849Z ................................                                         [ 99%]
validate	Run unit tests	2026-10-08T12:39:11.1054613Z tests/unit/test_webull_mirror_eh.py ........                             [ 99%]
validate	Run unit tests	2026-10-08T12:39:11.5387435Z tests/unit/test_webull_mirror_on_fill.py ..........                      [ 99%]
validate	Run unit tests	2026-10-08T12:39:11.5459351Z tests/unit/test_webull_native_bracket.py ..........                      [ 99%]
validate	Run unit tests	2026-10-08T12:39:11.5471870Z tests/unit/test_webull_oco_step1_coid.py ..                              [ 99%]
validate	Run unit tests	2026-10-08T12:39:11.6361787Z tests/unit/test_webull_protect_guards.py ..............                  [ 99%]
validate	Run unit tests	2026-10-08T12:39:11.6755781Z tests/unit/test_webull_protect_handle_persistence.py ..........          [ 99%]
validate	Run unit tests	2026-10-08T12:39:11.7413255Z tests/unit/test_webull_protect_retry_horizon.py ...........              [ 99%]
validate	Run unit tests	2026-10-08T12:39:15.5777279Z tests/unit/test_webull_sdk_log_redaction.py ...                          [100%]
validate	Run unit tests	2026-10-08T12:39:15.5777879Z 
validate	Run unit tests	2026-10-08T12:39:15.5778113Z =================================== FAILURES ===================================
validate	Run unit tests	2026-10-08T12:39:15.5778758Z ___ test_nfq2_slow_save_does_not_stall_loop_and_concurrent_quotes_queue_once ___
validate	Run unit tests	2026-10-08T12:39:15.5779186Z 
validate	Run unit tests	2026-10-08T12:39:15.5779425Z service = <project_mai_tai.oms.service.OmsRiskService object at 0x7fe99678f9b0>
validate	Run unit tests	2026-10-08T12:39:15.5779897Z monkeypatch = <_pytest.monkeypatch.MonkeyPatch object at 0x7fe9968d1280>
validate	Run unit tests	2026-10-08T12:39:15.5780208Z 
validate	Run unit tests	2026-10-08T12:39:15.5780393Z     @pytest.mark.asyncio
validate	Run unit tests	2026-10-08T12:39:15.5780838Z     async def test_nfq2_slow_save_does_not_stall_loop_and_concurrent_quotes_queue_once(service, monkeypatch):
validate	Run unit tests	2026-10-08T12:39:15.5781307Z         hold(service, biya())
validate	Run unit tests	2026-10-08T12:39:15.5781593Z         quote(service)
validate	Run unit tests	2026-10-08T12:39:15.5782118Z         original = service._nfq2_transition
validate	Run unit tests	2026-10-08T12:39:15.5782603Z         started = Event()
validate	Run unit tests	2026-10-08T12:39:15.5782905Z         transitions = []
validate	Run unit tests	2026-10-08T12:39:15.5783175Z     
validate	Run unit tests	2026-10-08T12:39:15.5783430Z         def slow(session, *args, **kwargs):
validate	Run unit tests	2026-10-08T12:39:15.5784171Z             transitions.append(get_ident())
validate	Run unit tests	2026-10-08T12:39:15.5784486Z             started.set()
validate	Run unit tests	2026-10-08T12:39:15.5784751Z             sleep(0.15)
validate	Run unit tests	2026-10-08T12:39:15.5785026Z             return original(session, *args, **kwargs)
validate	Run unit tests	2026-10-08T12:39:15.5785357Z     
validate	Run unit tests	2026-10-08T12:39:15.5785684Z         monkeypatch.setattr(service, "_nfq2_transition", slow)
validate	Run unit tests	2026-10-08T12:39:15.5786140Z         pending = asyncio.create_task(service._evaluate_nfq2_holds("BIYA"))
validate	Run unit tests	2026-10-08T12:39:15.5786545Z         assert await asyncio.to_thread(started.wait, 2)
validate	Run unit tests	2026-10-08T12:39:15.5786875Z         start = asyncio.get_running_loop().time()
validate	Run unit tests	2026-10-08T12:39:15.5787328Z         await asyncio.gather(*(service._evaluate_nfq2_holds("BIYA") for _ in range(1000)))
validate	Run unit tests	2026-10-08T12:39:15.5787842Z >       assert asyncio.get_running_loop().time() - start < 0.05
validate	Run unit tests	2026-10-08T12:39:15.5788214Z E       assert (382.119026709 - 381.148766132) < 0.05
validate	Run unit tests	2026-10-08T12:39:15.5788544Z E        +  where 382.119026709 = time()
validate	Run unit tests	2026-10-08T12:39:15.5788952Z E        +    where time = <_UnixSelectorEventLoop running=True closed=False debug=False>.time
validate	Run unit tests	2026-10-08T12:39:15.5789595Z E        +      where <_UnixSelectorEventLoop running=True closed=False debug=False> = <built-in function get_running_loop>()
validate	Run unit tests	2026-10-08T12:39:15.5790180Z E        +        where <built-in function get_running_loop> = asyncio.get_running_loop
validate	Run unit tests	2026-10-08T12:39:15.5790437Z 
validate	Run unit tests	2026-10-08T12:39:15.5790612Z tests/unit/test_nfq2_tick_path.py:134: AssertionError
validate	Run unit tests	2026-10-08T12:39:15.5791014Z ----------------------------- Captured stdout call -----------------------------
validate	Run unit tests	2026-10-08T12:39:15.5791966Z 2026-10-08 12:32:17,304 INFO [oms-risk] [OMS-NFQ2] symbol=BIYA account=paper:schwab_1m_v2 slot=d585906e-7867-515b-9524-a1ea3a6b5a2b outcome=held_no_fresh_quote reason=held ask=None cache_age_ms=None source=none timestamp=None
validate	Run unit tests	2026-10-08T12:39:15.5792858Z ------------------------------ Captured log call -------------------------------
validate	Run unit tests	2026-10-08T12:39:15.5793676Z INFO     oms-risk:eh_fresh_price.py:130 [OMS-NFQ2] symbol=BIYA account=paper:schwab_1m_v2 slot=d585906e-7867-515b-9524-a1ea3a6b5a2b outcome=held_no_fresh_quote reason=held ask=None cache_age_ms=None source=none timestamp=None
validate	Run unit tests	2026-10-08T12:39:15.5794443Z =============================== warnings summary ===============================
validate	Run unit tests	2026-10-08T12:39:15.5794949Z ../../../../../opt/hostedtoolcache/Python/3.12.14/x64/lib/python3.12/site-packages/fastapi/testclient.py:1
validate	Run unit tests	2026-10-08T12:39:15.5795861Z   /opt/hostedtoolcache/Python/3.12.14/x64/lib/python3.12/site-packages/fastapi/testclient.py:1: StarletteDeprecationWarning: Using `httpx` with `starlette.testclient` is deprecated; install `httpx2` instead.
validate	Run unit tests	2026-10-08T12:39:15.5796738Z     from starlette.testclient import TestClient as TestClient  # noqa
validate	Run unit tests	2026-10-08T12:39:15.5797030Z 
validate	Run unit tests	2026-10-08T12:39:15.5797207Z tests/unit/test_control_plane.py: 458 warnings
validate	Run unit tests	2026-10-08T12:39:15.5797566Z tests/unit/test_mompage1.py: 48 warnings
validate	Run unit tests	2026-10-08T12:39:15.5798467Z   /opt/hostedtoolcache/Python/3.12.14/x64/lib/python3.12/site-packages/sqlalchemy/engine/default.py:1192: DeprecationWarning: The default datetime adapter is deprecated as of Python 3.12; see the sqlite3 documentation for suggested replacement recipes
validate	Run unit tests	2026-10-08T12:39:15.5799355Z     cursor.execute(statement, parameters)
validate	Run unit tests	2026-10-08T12:39:15.5799587Z 
validate	Run unit tests	2026-10-08T12:39:15.5799984Z tests/unit/test_momentum_paper_service.py::test_persisted_session_is_reused_without_a_rest_backfill
validate	Run unit tests	2026-10-08T12:39:15.5800679Z tests/unit/test_momentum_paper_service.py::test_restart_marks_an_interrupted_forward_path_unanswerable
validate	Run unit tests	2026-10-08T12:39:15.5801946Z   /home/runner/work/project-mai-tai/project-mai-tai/src/project_mai_tai/momentum_paper/store.py:75: SAWarning: Column-expression-level unary distinct() should not be used outside of an aggregate function. For general 'SELECT DISTINCT' support use select().distinct().
validate	Run unit tests	2026-10-08T12:39:15.5802898Z     rows = session.scalars(
validate	Run unit tests	2026-10-08T12:39:15.5803096Z 
validate	Run unit tests	2026-10-08T12:39:15.5803467Z -- Docs: https://docs.pytest.org/en/stable/how-to/capture-warnings.html
validate	Run unit tests	2026-10-08T12:39:15.5803976Z =========================== short test summary info ============================
validate	Run unit tests	2026-10-08T12:39:15.5804658Z FAILED tests/unit/test_nfq2_tick_path.py::test_nfq2_slow_save_does_not_stall_loop_and_concurrent_quotes_queue_once - assert (382.119026709 - 381.148766132) < 0.05
validate	Run unit tests	2026-10-08T12:39:15.5805317Z  +  where 382.119026709 = time()
validate	Run unit tests	2026-10-08T12:39:15.5805748Z  +    where time = <_UnixSelectorEventLoop running=True closed=False debug=False>.time
validate	Run unit tests	2026-10-08T12:39:15.5806384Z  +      where <_UnixSelectorEventLoop running=True closed=False debug=False> = <built-in function get_running_loop>()
validate	Run unit tests	2026-10-08T12:39:15.5807029Z  +        where <built-in function get_running_loop> = asyncio.get_running_loop
validate	Run unit tests	2026-10-08T12:39:15.5807522Z ===== 1 failed, 7681 passed, 55 skipped, 509 warnings in 725.94s (0:12:05) =====
validate	Run unit tests	2026-10-08T12:39:19.3304603Z ##[error]Process completed with exit code 1.
