..............F...........                                               [100%]
=================================== FAILURES ===================================
_________ test_per_account_registry_is_bounded_and_loss_is_unmeasured __________

monkeypatch = <_pytest.monkeypatch.MonkeyPatch object at 0x10b09f4d0>

    def test_per_account_registry_is_bounded_and_loss_is_unmeasured(monkeypatch):
        service, _frame, _clock = harness(monkeypatch)
        observer = service._wbquiet_shadow
        for pass_id in range(100):
            frame = shadow.Frame(pass_id, AT, 100, {WB: {}})
            token = shadow.CURRENT.set(frame)
            try:
                shadow.note_read(WB, "returned_not_wire_proof", service=service,
                                 positions=service.broker_adapter.list_account_positions.return_value)
                shadow.note_committed([WB])
            finally:
                shadow.CURRENT.reset(token)
            observer.retain(frame, published=True)
        assert len(observer.committed_generations[WB]) == shadow.MAX_WINDOWS
        shadow.note_consumed([WB], "test_reader", service=service)
        assert notes(service)[0]["readers"][0]["periodic_evidence"] == "UNMEASURED"
        for index in range(shadow.MAX_ACCOUNTS + 10):
            frame = shadow.Frame(index, AT, 100)
            frame.committed[f"account{index}"] = {"account": f"account{index}"}
            observer.retain(frame, published=True)
>       assert len(observer.committed_generations) == shadow.MAX_ACCOUNTS
E       AssertionError: assert 27 == 16
E        +  where 27 = len({'account0': deque([(100, {'account': 'account0', 'shadow_receipt_emitted': True})]), 'account1': deque([(100, {'accou...receipt_emitted': True})]), 'account11': deque([(100, {'account': 'account11', 'shadow_receipt_emitted': True})]), ...})
E        +    where {'account0': deque([(100, {'account': 'account0', 'shadow_receipt_emitted': True})]), 'account1': deque([(100, {'accou...receipt_emitted': True})]), 'account11': deque([(100, {'account': 'account11', 'shadow_receipt_emitted': True})]), ...} = <project_mai_tai.oms.wbquiet_shadow.ShadowObserver object at 0x10b0cf170>.committed_generations
E        +  and   16 = shadow.MAX_ACCOUNTS

tests/unit/test_wbquiet_shadow_readers.py:258: AssertionError
- generated xml file: /tmp/wbquiet1-reader-hooks-release-mutations/account_bound.xml -
=========================== short test summary info ============================
FAILED tests/unit/test_wbquiet_shadow_readers.py::test_per_account_registry_is_bounded_and_loss_is_unmeasured
1 failed, 25 passed in 0.86s
