..............F...........                                               [100%]
=================================== FAILURES ===================================
_________ test_per_account_registry_is_bounded_and_loss_is_unmeasured __________

monkeypatch = <_pytest.monkeypatch.MonkeyPatch object at 0x10d8f0140>

    def test_per_account_registry_is_bounded_and_loss_is_unmeasured(monkeypatch):
        service, _frame, _clock = harness(monkeypatch)
        observer = service._wbquiet_shadow
        for pass_id in range(100):
            frame = shadow.Frame(pass_id, AT, 100, {WB: {}})
            token = shadow.CURRENT.set(frame)
            try:
                shadow.note_read(WB, "returned_not_wire_proof", service=service,
                                 positions=service.broker_adapter.list_account_positions.return_value)
                shadow.note_committed([WB])
            finally:
                shadow.CURRENT.reset(token)
            observer.retain(frame, published=True)
        assert len(observer.committed_generations[WB]) == shadow.MAX_WINDOWS
        shadow.note_consumed([WB], "test_reader", service=service)
>       assert notes(service)[0]["readers"][0]["periodic_evidence"] == "UNMEASURED"
E       AssertionError: assert 'committed_ge...tion_observed' == 'UNMEASURED'
E         
E         - UNMEASURED
E         + committed_generation_observed

tests/unit/test_wbquiet_shadow_readers.py:253: AssertionError
- generated xml file: /tmp/wbquiet1-reader-hooks-release-mutations/overflow_loss.xml -
=========================== short test summary info ============================
FAILED tests/unit/test_wbquiet_shadow_readers.py::test_per_account_registry_is_bounded_and_loss_is_unmeasured
1 failed, 25 passed in 0.84s
